{"level":"info","internal_url":"nats://127.0.0.1:41029","external_url":"ws://0.0.0.0:41030","store_dir":"/tmp/helix-nats3744570275","time":"2025-08-14T13:57:53Z","message":"nats server started successfully"}
{"level":"info","url":"nats://127.0.0.1:41029","time":"2025-08-14T13:57:53Z","message":"connecting to embedded nats"}
{"level":"info","model_stale_time":300000,"slot_timeout":300000,"runner_reconcile_interval":5000,"time":"2025-08-14T13:57:53Z","message":"slot timeouts configured"}
{"level":"info","runner_controller":{},"queue_size":50,"has_scheduling_err_handler":false,"has_response_handler":false,"time":"2025-08-14T13:57:53Z","message":"Creating scheduler with parameters"}
{"level":"info","runner_id":"real-prewarm-test-runner","time":"2025-08-14T13:57:53Z","message":"prewarming runner"}
{"level":"debug","total_prewarm_models":4,"time":"2025-08-14T13:57:53Z","message":"loaded prewarm models from configuration"}
{"level":"debug","runner_id":"real-prewarm-test-runner","total_memory":85899345920,"allocated_memory":0,"free_memory":85899345920,"time":"2025-08-14T13:57:53Z","message":"calculated runner memory for prewarming"}
{"level":"debug","total_runners":1,"available_runners":1,"model_counts":{"MrLight/dse-qwen2-2b-mrl-v1":0,"Qwen/Qwen2.5-VL-7B-Instruct":0,"gpt-oss:20b":0,"qwen3:8b":0},"time":"2025-08-14T13:57:53Z","message":"analyzed global model distribution for prewarming"}
{"level":"debug","model_count":4,"total_memory_needed":112742891520,"free_memory":85899345920,"time":"2025-08-14T13:57:53Z","message":"not all models fit, using greedy selection based on distribution"}
{"level":"debug","model_id":"MrLight/dse-qwen2-2b-mrl-v1","current_count":0,"model_memory":8589934592,"remaining_memory":77309411328,"time":"2025-08-14T13:57:53Z","message":"selected model for memory-aware prewarming"}
{"level":"debug","model_id":"qwen3:8b","current_count":0,"model_memory":10737418240,"remaining_memory":66571993088,"time":"2025-08-14T13:57:53Z","message":"selected model for memory-aware prewarming"}
{"level":"debug","model_id":"Qwen/Qwen2.5-VL-7B-Instruct","current_count":0,"model_memory":41875931136,"remaining_memory":24696061952,"time":"2025-08-14T13:57:53Z","message":"selected model for memory-aware prewarming"}
{"level":"debug","model_id":"gpt-oss:20b","model_memory":51539607552,"remaining_memory":24696061952,"time":"2025-08-14T13:57:53Z","message":"model too large for remaining memory, skipping"}
{"level":"debug","selected_count":3,"total_candidates":4,"memory_used":61203283968,"memory_available":85899345920,"memory_utilization":71.25,"time":"2025-08-14T13:57:53Z","message":"completed memory-aware model selection"}
{"level":"debug","runner_id":"real-prewarm-test-runner","prewarm_model_count":3,"total_available":4,"memory_compatible":4,"free_memory":85899345920,"model_distribution":{"MrLight/dse-qwen2-2b-mrl-v1":0,"Qwen/Qwen2.5-VL-7B-Instruct":0,"gpt-oss:20b":0,"qwen3:8b":0},"time":"2025-08-14T13:57:53Z","message":"selected models for memory-aware prewarming"}
{"level":"info","runner_id":"real-prewarm-test-runner","model_count":3,"time":"2025-08-14T13:57:53Z","message":"starting prewarming for runner"}
{"level":"trace","model":"MrLight/dse-qwen2-2b-mrl-v1","time":"2025-08-14T13:57:53Z","message":"using VLLM runtime for inference request"}
{"level":"trace","work_id":"prewarm-real-prewarm-test-runner-MrLight/dse-qwen2-2b-mrl-v1","model_name":"MrLight/dse-qwen2-2b-mrl-v1","mode":"inference","runtime":"vllm","lora_dir":"","duration_ms":0.0151,"time":"2025-08-14T13:57:53Z","message":"adding work item to queue"}
{"level":"debug","workload_id":"prewarm-real-prewarm-test-runner-MrLight/dse-qwen2-2b-mrl-v1","session_id":"","model_name":"MrLight/dse-qwen2-2b-mrl-v1","decision_type":"queued","success":true,"reason":"Added to queue","runner_id":"","slot_id":"","processing_time_ms":0,"warm_slot_count":0,"total_slot_count":0,"time":"2025-08-14T13:57:53Z","message":"Scheduling decision logged"}
{"level":"debug","runner_id":"real-prewarm-test-runner","model":"MrLight/dse-qwen2-2b-mrl-v1","time":"2025-08-14T13:57:53Z","message":"enqueued prewarming workload"}
{"level":"trace","work_id":"prewarm-real-prewarm-test-runner-qwen3:8b","model_name":"qwen3:8b","mode":"inference","runtime":"ollama","lora_dir":"","duration_ms":0.01309,"time":"2025-08-14T13:57:53Z","message":"adding work item to queue"}
{"level":"debug","workload_id":"prewarm-real-prewarm-test-runner-qwen3:8b","session_id":"","model_name":"qwen3:8b","decision_type":"queued","success":true,"reason":"Added to queue","runner_id":"","slot_id":"","processing_time_ms":0,"warm_slot_count":0,"total_slot_count":0,"time":"2025-08-14T13:57:53Z","message":"Scheduling decision logged"}
{"level":"debug","runner_id":"real-prewarm-test-runner","model":"qwen3:8b","time":"2025-08-14T13:57:53Z","message":"enqueued prewarming workload"}
{"level":"trace","model":"Qwen/Qwen2.5-VL-7B-Instruct","time":"2025-08-14T13:57:53Z","message":"using VLLM runtime for inference request"}
{"level":"trace","work_id":"prewarm-real-prewarm-test-runner-Qwen/Qwen2.5-VL-7B-Instruct","model_name":"Qwen/Qwen2.5-VL-7B-Instruct","mode":"inference","runtime":"vllm","lora_dir":"","duration_ms":0.00569,"time":"2025-08-14T13:57:53Z","message":"adding work item to queue"}
{"level":"debug","workload_id":"prewarm-real-prewarm-test-runner-Qwen/Qwen2.5-VL-7B-Instruct","session_id":"","model_name":"Qwen/Qwen2.5-VL-7B-Instruct","decision_type":"queued","success":true,"reason":"Added to queue","runner_id":"","slot_id":"","processing_time_ms":0,"warm_slot_count":0,"total_slot_count":0,"time":"2025-08-14T13:57:53Z","message":"Scheduling decision logged"}
{"level":"debug","runner_id":"real-prewarm-test-runner","model":"Qwen/Qwen2.5-VL-7B-Instruct","time":"2025-08-14T13:57:53Z","message":"enqueued prewarming workload"}
{"level":"info","runner_id":"real-prewarm-test-runner","total_models":3,"successful_enqueues":3,"time":"2025-08-14T13:57:53Z","message":"completed prewarming for runner"}
{"level":"debug","time":"2025-08-14T13:57:53Z","message":"triggered immediate queue processing"}
{"level":"trace","model":"MrLight/dse-qwen2-2b-mrl-v1","time":"2025-08-14T13:57:58Z","message":"using VLLM runtime for inference request"}
{"level":"trace","model":"MrLight/dse-qwen2-2b-mrl-v1","time":"2025-08-14T13:57:58Z","message":"using VLLM runtime for inference request"}
{"level":"trace","model":"Qwen/Qwen2.5-VL-7B-Instruct","time":"2025-08-14T13:57:58Z","message":"using VLLM runtime for inference request"}
{"level":"trace","model":"Qwen/Qwen2.5-VL-7B-Instruct","time":"2025-08-14T13:57:58Z","message":"using VLLM runtime for inference request"}
{"level":"debug","runner_ids":["real-prewarm-test-runner"],"model":"Qwen/Qwen2.5-VL-7B-Instruct","model_memory":41875931136,"time":"2025-08-14T13:57:58Z","message":"starting runner memory filtering"}
{"level":"debug","runner_id":"real-prewarm-test-runner","total_memory":85899345920,"model":"Qwen/Qwen2.5-VL-7B-Instruct","model_memory":41875931136,"time":"2025-08-14T13:57:58Z","message":"checking runner memory"}
{"level":"trace","model":"Qwen/Qwen2.5-VL-7B-Instruct","time":"2025-08-14T13:57:58Z","message":"using VLLM runtime for inference request"}
{"level":"debug","runner_id":"real-prewarm-test-runner","total_scheduler_slots":0,"time":"2025-08-14T13:57:58Z","message":"Using scheduler's desired state for memory calculation"}
{"level":"debug","runner_id":"real-prewarm-test-runner","allocated_memory_per_gpu":{},"time":"2025-08-14T13:57:58Z","message":"Calculated allocated memory per GPU (skipped slots with unknown memory requirements)"}
{"level":"debug","runner_id":"real-prewarm-test-runner","gpu_index":0,"gpu_total_memory":42949672960,"gpu_allocated_memory":0,"gpu_free_memory":42949672960,"model_memory_requirement":41875931136,"time":"2025-08-14T13:57:58Z","message":"Found GPU with sufficient free memory for model (allocated-based)"}
{"level":"debug","runner_id":"real-prewarm-test-runner","selected_gpu":0,"model_memory_requirement":41875931136,"gpu_allocated_memory":0,"gpu_free_memory":42949672960,"time":"2025-08-14T13:57:58Z","message":"Selected GPU with most free memory based on allocated memory"}
{"level":"trace","model":"Qwen/Qwen2.5-VL-7B-Instruct","time":"2025-08-14T13:57:58Z","message":"using VLLM runtime for inference request"}
{"level":"debug","runner_id":"real-prewarm-test-runner","runtime":"vllm","single_gpu":0,"multi_gpus":[],"gpu_compatible":true,"time":"2025-08-14T13:57:58Z","message":"GPU allocation check with pending allocations"}
{"level":"debug","workload_id":"prewarm-real-prewarm-test-runner-Qwen/Qwen2.5-VL-7B-Instruct","runner_id":"real-prewarm-test-runner","single_gpu":0,"multi_gpus":[],"tensor_parallel_size":1,"time":"2025-08-14T13:57:58Z","message":"Stored GPU allocation decision"}
{"level":"trace","model":"Qwen/Qwen2.5-VL-7B-Instruct","time":"2025-08-14T13:57:58Z","message":"using VLLM runtime for inference request"}
{"level":"debug","work_id":"prewarm-real-prewarm-test-runner-Qwen/Qwen2.5-VL-7B-Instruct","model_name":"Qwen/Qwen2.5-VL-7B-Instruct","mode":"inference","runtime":"vllm","lora_dir":"","duration_ms":5000.683567,"filtered_runners":["real-prewarm-test-runner"],"total_memory_failures":0,"gpu_fragmentation_failures":0,"time":"2025-08-14T13:57:58Z","message":"filtered runners with GPU-aware memory checking"}
{"level":"trace","model":"Qwen/Qwen2.5-VL-7B-Instruct","time":"2025-08-14T13:57:58Z","message":"using VLLM runtime for inference request"}
{"level":"debug","work_id":"prewarm-real-prewarm-test-runner-Qwen/Qwen2.5-VL-7B-Instruct","model_name":"Qwen/Qwen2.5-VL-7B-Instruct","mode":"inference","runtime":"vllm","lora_dir":"","duration_ms":5000.704717,"preferred_runner":"real-prewarm-test-runner","time":"2025-08-14T13:57:58Z","message":"using preferred runner for workload"}
{"level":"trace","model":"Qwen/Qwen2.5-VL-7B-Instruct","time":"2025-08-14T13:57:58Z","message":"using VLLM runtime for inference request"}
{"level":"debug","work_id":"prewarm-real-prewarm-test-runner-Qwen/Qwen2.5-VL-7B-Instruct","model_name":"Qwen/Qwen2.5-VL-7B-Instruct","mode":"inference","runtime":"vllm","lora_dir":"","duration_ms":5000.710377,"runner_id":"real-prewarm-test-runner","attempt":1,"total_runners":1,"time":"2025-08-14T13:57:58Z","message":"trying runner for slot creation"}
{"level":"trace","slots":null,"current_allocated_mem":0,"current_free_mem":85899345920,"required_mem":41875931136,"free_after_allocation":44023414784,"time":"2025-08-14T13:57:58Z","message":"checking if we can allocate using calculateRunnerMemory"}
{"level":"trace","model":"Qwen/Qwen2.5-VL-7B-Instruct","time":"2025-08-14T13:57:58Z","message":"using VLLM runtime for inference request"}
{"level":"trace","model":"Qwen/Qwen2.5-VL-7B-Instruct","time":"2025-08-14T13:57:58Z","message":"using VLLM runtime for inference request"}
{"level":"trace","runner_id":"real-prewarm-test-runner","slot_id":"7014b39d-c1c2-4ea7-8fbd-1f319cf1c79f","model_name":"Qwen/Qwen2.5-VL-7B-Instruct","memory":41875931136,"time":"2025-08-14T13:57:58Z","message":"skipping warm slot, not running yet"}
{"level":"debug","workload_id":"prewarm-real-prewarm-test-runner-Qwen/Qwen2.5-VL-7B-Instruct","session_id":"","model_name":"Qwen/Qwen2.5-VL-7B-Instruct","decision_type":"create_new_slot","success":true,"reason":"Created new slot on runner real-prewarm-test-runner (attempt 1/1)","runner_id":"real-prewarm-test-runner","slot_id":"7014b39d-c1c2-4ea7-8fbd-1f319cf1c79f","processing_time_ms":0,"warm_slot_count":0,"total_slot_count":1,"time":"2025-08-14T13:57:58Z","message":"Scheduling decision logged"}
{"level":"trace","model":"Qwen/Qwen2.5-VL-7B-Instruct","time":"2025-08-14T13:57:58Z","message":"using VLLM runtime for inference request"}
{"level":"info","runner_id":"real-prewarm-test-runner","slot_id":"7014b39d-c1c2-4ea7-8fbd-1f319cf1c79f","model":"Qwen/Qwen2.5-VL-7B-Instruct","runtime":"vllm","is_active":false,"is_running":false,"time":"2025-08-14T13:57:58Z","message":"found slot on the scheduler that doesn't exist on the runner, creating..."}
{"level":"info","runner_id":"real-prewarm-test-runner","slot_id":"7014b39d-c1c2-4ea7-8fbd-1f319cf1c79f","model_name":"Qwen/Qwen2.5-VL-7B-Instruct","memory":41875931136,"SLOT_CREATION":"starting","time":"2025-08-14T13:57:58Z","message":"SLOT_CREATION: Starting createNewSlot"}
{"level":"trace","model":"Qwen/Qwen2.5-VL-7B-Instruct","time":"2025-08-14T13:57:58Z","message":"using VLLM runtime for inference request"}
{"level":"debug","runner_id":"real-prewarm-test-runner","slot_id":"7014b39d-c1c2-4ea7-8fbd-1f319cf1c79f","model":"Qwen/Qwen2.5-VL-7B-Instruct","runtime":"vllm","time":"2025-08-14T13:57:58Z","message":"creating slot"}
{"level":"info","runner_id":"real-prewarm-test-runner","slot_id":"7014b39d-c1c2-4ea7-8fbd-1f319cf1c79f","model_name":"Qwen/Qwen2.5-VL-7B-Instruct","memory":41875931136,"SLOT_CREATION":"finished","time":"2025-08-14T13:57:58Z","message":"SLOT_CREATION: Finished createNewSlot"}
{"level":"trace","runner_id":"real-prewarm-test-runner","slot_id":"7014b39d-c1c2-4ea7-8fbd-1f319cf1c79f","model_name":"Qwen/Qwen2.5-VL-7B-Instruct","memory":41875931136,"time":"2025-08-14T13:57:58Z","message":"skipping warm slot, model name mismatch"}
{"level":"trace","runner_id":"real-prewarm-test-runner","slot_id":"7014b39d-c1c2-4ea7-8fbd-1f319cf1c79f","model_name":"Qwen/Qwen2.5-VL-7B-Instruct","memory":41875931136,"time":"2025-08-14T13:57:58Z","message":"skipping warm slot, model name mismatch"}
{"level":"trace","model":"Qwen/Qwen2.5-VL-7B-Instruct","time":"2025-08-14T13:57:58Z","message":"using VLLM runtime for inference request"}
{"level":"trace","model":"Qwen/Qwen2.5-VL-7B-Instruct","time":"2025-08-14T13:57:58Z","message":"using VLLM runtime for inference request"}
{"level":"trace","runner_id":"real-prewarm-test-runner","slot_id":"7014b39d-c1c2-4ea7-8fbd-1f319cf1c79f","model_name":"Qwen/Qwen2.5-VL-7B-Instruct","memory":41875931136,"time":"2025-08-14T13:57:58Z","message":"skipping warm slot, not running yet"}
{"level":"trace","runner_id":"real-prewarm-test-runner","slot_id":"7014b39d-c1c2-4ea7-8fbd-1f319cf1c79f","model_name":"Qwen/Qwen2.5-VL-7B-Instruct","memory":41875931136,"time":"2025-08-14T13:57:58Z","message":"skipping warm slot, model name mismatch"}
{"level":"trace","runner_id":"real-prewarm-test-runner","slot_id":"7014b39d-c1c2-4ea7-8fbd-1f319cf1c79f","model_name":"Qwen/Qwen2.5-VL-7B-Instruct","memory":41875931136,"time":"2025-08-14T13:57:58Z","message":"skipping warm slot, model name mismatch"}
{"level":"trace","model":"Qwen/Qwen2.5-VL-7B-Instruct","time":"2025-08-14T13:57:58Z","message":"using VLLM runtime for inference request"}
{"level":"trace","model":"Qwen/Qwen2.5-VL-7B-Instruct","time":"2025-08-14T13:57:58Z","message":"using VLLM runtime for inference request"}
{"level":"trace","runner_id":"real-prewarm-test-runner","slot_id":"7014b39d-c1c2-4ea7-8fbd-1f319cf1c79f","model_name":"Qwen/Qwen2.5-VL-7B-Instruct","memory":41875931136,"time":"2025-08-14T13:57:58Z","message":"skipping warm slot, not running yet"}
{"level":"trace","runner_id":"real-prewarm-test-runner","slot_id":"7014b39d-c1c2-4ea7-8fbd-1f319cf1c79f","model_name":"Qwen/Qwen2.5-VL-7B-Instruct","memory":41875931136,"time":"2025-08-14T13:57:58Z","message":"skipping warm slot, model name mismatch"}
{"level":"trace","runner_id":"real-prewarm-test-runner","slot_id":"7014b39d-c1c2-4ea7-8fbd-1f319cf1c79f","model_name":"Qwen/Qwen2.5-VL-7B-Instruct","memory":41875931136,"time":"2025-08-14T13:57:58Z","message":"skipping warm slot, model name mismatch"}
{"level":"trace","model":"Qwen/Qwen2.5-VL-7B-Instruct","time":"2025-08-14T13:57:58Z","message":"using VLLM runtime for inference request"}
{"level":"trace","model":"Qwen/Qwen2.5-VL-7B-Instruct","time":"2025-08-14T13:57:58Z","message":"using VLLM runtime for inference request"}
{"level":"trace","runner_id":"real-prewarm-test-runner","slot_id":"7014b39d-c1c2-4ea7-8fbd-1f319cf1c79f","model_name":"Qwen/Qwen2.5-VL-7B-Instruct","memory":41875931136,"time":"2025-08-14T13:57:58Z","message":"skipping warm slot, not running yet"}
{"level":"trace","runner_id":"real-prewarm-test-runner","slot_id":"7014b39d-c1c2-4ea7-8fbd-1f319cf1c79f","model_name":"Qwen/Qwen2.5-VL-7B-Instruct","memory":41875931136,"time":"2025-08-14T13:57:58Z","message":"skipping warm slot, model name mismatch"}
{"level":"trace","runner_id":"real-prewarm-test-runner","slot_id":"7014b39d-c1c2-4ea7-8fbd-1f319cf1c79f","model_name":"Qwen/Qwen2.5-VL-7B-Instruct","memory":41875931136,"time":"2025-08-14T13:57:58Z","message":"skipping warm slot, model name mismatch"}
{"level":"trace","model":"Qwen/Qwen2.5-VL-7B-Instruct","time":"2025-08-14T13:57:58Z","message":"using VLLM runtime for inference request"}
{"level":"trace","model":"Qwen/Qwen2.5-VL-7B-Instruct","time":"2025-08-14T13:57:58Z","message":"using VLLM runtime for inference request"}
{"level":"trace","runner_id":"real-prewarm-test-runner","slot_id":"7014b39d-c1c2-4ea7-8fbd-1f319cf1c79f","model_name":"Qwen/Qwen2.5-VL-7B-Instruct","memory":41875931136,"time":"2025-08-14T13:57:58Z","message":"skipping warm slot, not running yet"}
{"level":"trace","runner_id":"real-prewarm-test-runner","slot_id":"7014b39d-c1c2-4ea7-8fbd-1f319cf1c79f","model_name":"Qwen/Qwen2.5-VL-7B-Instruct","memory":41875931136,"time":"2025-08-14T13:57:58Z","message":"skipping warm slot, model name mismatch"}
{"level":"trace","runner_id":"real-prewarm-test-runner","slot_id":"7014b39d-c1c2-4ea7-8fbd-1f319cf1c79f","model_name":"Qwen/Qwen2.5-VL-7B-Instruct","memory":41875931136,"time":"2025-08-14T13:57:58Z","message":"skipping warm slot, model name mismatch"}
{"level":"trace","model":"Qwen/Qwen2.5-VL-7B-Instruct","time":"2025-08-14T13:57:58Z","message":"using VLLM runtime for inference request"}
{"level":"trace","model":"Qwen/Qwen2.5-VL-7B-Instruct","time":"2025-08-14T13:57:58Z","message":"using VLLM runtime for inference request"}
{"level":"trace","runner_id":"real-prewarm-test-runner","slot_id":"7014b39d-c1c2-4ea7-8fbd-1f319cf1c79f","model_name":"Qwen/Qwen2.5-VL-7B-Instruct","memory":41875931136,"time":"2025-08-14T13:57:58Z","message":"skipping warm slot, not running yet"}
{"level":"trace","runner_id":"real-prewarm-test-runner","slot_id":"7014b39d-c1c2-4ea7-8fbd-1f319cf1c79f","model_name":"Qwen/Qwen2.5-VL-7B-Instruct","memory":41875931136,"time":"2025-08-14T13:57:58Z","message":"skipping warm slot, model name mismatch"}
{"level":"trace","runner_id":"real-prewarm-test-runner","slot_id":"7014b39d-c1c2-4ea7-8fbd-1f319cf1c79f","model_name":"Qwen/Qwen2.5-VL-7B-Instruct","memory":41875931136,"time":"2025-08-14T13:57:58Z","message":"skipping warm slot, model name mismatch"}
{"level":"trace","model":"Qwen/Qwen2.5-VL-7B-Instruct","time":"2025-08-14T13:57:58Z","message":"using VLLM runtime for inference request"}
{"level":"trace","model":"Qwen/Qwen2.5-VL-7B-Instruct","time":"2025-08-14T13:57:58Z","message":"using VLLM runtime for inference request"}
{"level":"trace","runner_id":"real-prewarm-test-runner","slot_id":"7014b39d-c1c2-4ea7-8fbd-1f319cf1c79f","model_name":"Qwen/Qwen2.5-VL-7B-Instruct","memory":41875931136,"time":"2025-08-14T13:57:58Z","message":"skipping warm slot, not running yet"}
{"level":"trace","runner_id":"real-prewarm-test-runner","slot_id":"7014b39d-c1c2-4ea7-8fbd-1f319cf1c79f","model_name":"Qwen/Qwen2.5-VL-7B-Instruct","memory":41875931136,"time":"2025-08-14T13:57:58Z","message":"skipping warm slot, model name mismatch"}
{"level":"trace","runner_id":"real-prewarm-test-runner","slot_id":"7014b39d-c1c2-4ea7-8fbd-1f319cf1c79f","model_name":"Qwen/Qwen2.5-VL-7B-Instruct","memory":41875931136,"time":"2025-08-14T13:57:58Z","message":"skipping warm slot, model name mismatch"}
{"level":"trace","model":"Qwen/Qwen2.5-VL-7B-Instruct","time":"2025-08-14T13:57:58Z","message":"using VLLM runtime for inference request"}
{"level":"trace","model":"Qwen/Qwen2.5-VL-7B-Instruct","time":"2025-08-14T13:57:58Z","message":"using VLLM runtime for inference request"}
{"level":"trace","runner_id":"real-prewarm-test-runner","slot_id":"7014b39d-c1c2-4ea7-8fbd-1f319cf1c79f","model_name":"Qwen/Qwen2.5-VL-7B-Instruct","memory":41875931136,"time":"2025-08-14T13:57:58Z","message":"skipping warm slot, not running yet"}
{"level":"trace","runner_id":"real-prewarm-test-runner","slot_id":"7014b39d-c1c2-4ea7-8fbd-1f319cf1c79f","model_name":"Qwen/Qwen2.5-VL-7B-Instruct","memory":41875931136,"time":"2025-08-14T13:57:58Z","message":"skipping warm slot, model name mismatch"}
{"level":"trace","runner_id":"real-prewarm-test-runner","slot_id":"7014b39d-c1c2-4ea7-8fbd-1f319cf1c79f","model_name":"Qwen/Qwen2.5-VL-7B-Instruct","memory":41875931136,"time":"2025-08-14T13:57:58Z","message":"skipping warm slot, model name mismatch"}
{"level":"trace","model":"Qwen/Qwen2.5-VL-7B-Instruct","time":"2025-08-14T13:57:58Z","message":"using VLLM runtime for inference request"}
{"level":"trace","model":"Qwen/Qwen2.5-VL-7B-Instruct","time":"2025-08-14T13:57:58Z","message":"using VLLM runtime for inference request"}
{"level":"trace","runner_id":"real-prewarm-test-runner","slot_id":"7014b39d-c1c2-4ea7-8fbd-1f319cf1c79f","model_name":"Qwen/Qwen2.5-VL-7B-Instruct","memory":41875931136,"time":"2025-08-14T13:57:58Z","message":"skipping warm slot, not running yet"}
{"level":"trace","runner_id":"real-prewarm-test-runner","slot_id":"7014b39d-c1c2-4ea7-8fbd-1f319cf1c79f","model_name":"Qwen/Qwen2.5-VL-7B-Instruct","memory":41875931136,"time":"2025-08-14T13:57:58Z","message":"skipping warm slot, model name mismatch"}
{"level":"trace","runner_id":"real-prewarm-test-runner","slot_id":"7014b39d-c1c2-4ea7-8fbd-1f319cf1c79f","model_name":"Qwen/Qwen2.5-VL-7B-Instruct","memory":41875931136,"time":"2025-08-14T13:57:58Z","message":"skipping warm slot, model name mismatch"}
{"level":"trace","model":"Qwen/Qwen2.5-VL-7B-Instruct","time":"2025-08-14T13:57:58Z","message":"using VLLM runtime for inference request"}
{"level":"trace","model":"Qwen/Qwen2.5-VL-7B-Instruct","time":"2025-08-14T13:57:58Z","message":"using VLLM runtime for inference request"}
{"level":"trace","runner_id":"real-prewarm-test-runner","slot_id":"7014b39d-c1c2-4ea7-8fbd-1f319cf1c79f","model_name":"Qwen/Qwen2.5-VL-7B-Instruct","memory":41875931136,"time":"2025-08-14T13:57:58Z","message":"skipping warm slot, not running yet"}
{"level":"trace","runner_id":"real-prewarm-test-runner","slot_id":"7014b39d-c1c2-4ea7-8fbd-1f319cf1c79f","model_name":"Qwen/Qwen2.5-VL-7B-Instruct","memory":41875931136,"time":"2025-08-14T13:57:59Z","message":"skipping warm slot, model name mismatch"}
{"level":"trace","runner_id":"real-prewarm-test-runner","slot_id":"7014b39d-c1c2-4ea7-8fbd-1f319cf1c79f","model_name":"Qwen/Qwen2.5-VL-7B-Instruct","memory":41875931136,"time":"2025-08-14T13:57:59Z","message":"skipping warm slot, model name mismatch"}
{"level":"trace","model":"Qwen/Qwen2.5-VL-7B-Instruct","time":"2025-08-14T13:57:59Z","message":"using VLLM runtime for inference request"}
{"level":"trace","model":"Qwen/Qwen2.5-VL-7B-Instruct","time":"2025-08-14T13:57:59Z","message":"using VLLM runtime for inference request"}
{"level":"trace","runner_id":"real-prewarm-test-runner","slot_id":"7014b39d-c1c2-4ea7-8fbd-1f319cf1c79f","model_name":"Qwen/Qwen2.5-VL-7B-Instruct","memory":41875931136,"time":"2025-08-14T13:57:59Z","message":"skipping warm slot, not running yet"}
{"level":"trace","runner_id":"real-prewarm-test-runner","slot_id":"7014b39d-c1c2-4ea7-8fbd-1f319cf1c79f","model_name":"Qwen/Qwen2.5-VL-7B-Instruct","memory":41875931136,"time":"2025-08-14T13:57:59Z","message":"skipping warm slot, model name mismatch"}
{"level":"trace","runner_id":"real-prewarm-test-runner","slot_id":"7014b39d-c1c2-4ea7-8fbd-1f319cf1c79f","model_name":"Qwen/Qwen2.5-VL-7B-Instruct","memory":41875931136,"time":"2025-08-14T13:57:59Z","message":"skipping warm slot, model name mismatch"}
{"level":"trace","model":"Qwen/Qwen2.5-VL-7B-Instruct","time":"2025-08-14T13:57:59Z","message":"using VLLM runtime for inference request"}
{"level":"trace","model":"Qwen/Qwen2.5-VL-7B-Instruct","time":"2025-08-14T13:57:59Z","message":"using VLLM runtime for inference request"}
{"level":"trace","runner_id":"real-prewarm-test-runner","slot_id":"7014b39d-c1c2-4ea7-8fbd-1f319cf1c79f","model_name":"Qwen/Qwen2.5-VL-7B-Instruct","memory":41875931136,"time":"2025-08-14T13:57:59Z","message":"skipping warm slot, not running yet"}
{"level":"trace","runner_id":"real-prewarm-test-runner","slot_id":"7014b39d-c1c2-4ea7-8fbd-1f319cf1c79f","model_name":"Qwen/Qwen2.5-VL-7B-Instruct","memory":41875931136,"time":"2025-08-14T13:57:59Z","message":"skipping warm slot, model name mismatch"}
{"level":"trace","runner_id":"real-prewarm-test-runner","slot_id":"7014b39d-c1c2-4ea7-8fbd-1f319cf1c79f","model_name":"Qwen/Qwen2.5-VL-7B-Instruct","memory":41875931136,"time":"2025-08-14T13:57:59Z","message":"skipping warm slot, model name mismatch"}
{"level":"trace","model":"Qwen/Qwen2.5-VL-7B-Instruct","time":"2025-08-14T13:57:59Z","message":"using VLLM runtime for inference request"}
{"level":"trace","model":"Qwen/Qwen2.5-VL-7B-Instruct","time":"2025-08-14T13:57:59Z","message":"using VLLM runtime for inference request"}
{"level":"trace","runner_id":"real-prewarm-test-runner","slot_id":"7014b39d-c1c2-4ea7-8fbd-1f319cf1c79f","model_name":"Qwen/Qwen2.5-VL-7B-Instruct","memory":41875931136,"time":"2025-08-14T13:57:59Z","message":"skipping warm slot, not running yet"}
{"level":"trace","runner_id":"real-prewarm-test-runner","slot_id":"7014b39d-c1c2-4ea7-8fbd-1f319cf1c79f","model_name":"Qwen/Qwen2.5-VL-7B-Instruct","memory":41875931136,"time":"2025-08-14T13:57:59Z","message":"skipping warm slot, model name mismatch"}
{"level":"trace","runner_id":"real-prewarm-test-runner","slot_id":"7014b39d-c1c2-4ea7-8fbd-1f319cf1c79f","model_name":"Qwen/Qwen2.5-VL-7B-Instruct","memory":41875931136,"time":"2025-08-14T13:57:59Z","message":"skipping warm slot, model name mismatch"}
{"level":"trace","model":"Qwen/Qwen2.5-VL-7B-Instruct","time":"2025-08-14T13:57:59Z","message":"using VLLM runtime for inference request"}
{"level":"trace","model":"Qwen/Qwen2.5-VL-7B-Instruct","time":"2025-08-14T13:57:59Z","message":"using VLLM runtime for inference request"}
{"level":"trace","runner_id":"real-prewarm-test-runner","slot_id":"7014b39d-c1c2-4ea7-8fbd-1f319cf1c79f","model_name":"Qwen/Qwen2.5-VL-7B-Instruct","memory":41875931136,"time":"2025-08-14T13:57:59Z","message":"skipping warm slot, not running yet"}
{"level":"trace","runner_id":"real-prewarm-test-runner","slot_id":"7014b39d-c1c2-4ea7-8fbd-1f319cf1c79f","model_name":"Qwen/Qwen2.5-VL-7B-Instruct","memory":41875931136,"time":"2025-08-14T13:57:59Z","message":"skipping warm slot, model name mismatch"}
{"level":"trace","runner_id":"real-prewarm-test-runner","slot_id":"7014b39d-c1c2-4ea7-8fbd-1f319cf1c79f","model_name":"Qwen/Qwen2.5-VL-7B-Instruct","memory":41875931136,"time":"2025-08-14T13:57:59Z","message":"skipping warm slot, model name mismatch"}
{"level":"trace","model":"Qwen/Qwen2.5-VL-7B-Instruct","time":"2025-08-14T13:57:59Z","message":"using VLLM runtime for inference request"}
{"level":"trace","model":"Qwen/Qwen2.5-VL-7B-Instruct","time":"2025-08-14T13:57:59Z","message":"using VLLM runtime for inference request"}
{"level":"trace","runner_id":"real-prewarm-test-runner","slot_id":"7014b39d-c1c2-4ea7-8fbd-1f319cf1c79f","model_name":"Qwen/Qwen2.5-VL-7B-Instruct","memory":41875931136,"time":"2025-08-14T13:57:59Z","message":"skipping warm slot, not running yet"}
{"level":"trace","runner_id":"real-prewarm-test-runner","slot_id":"7014b39d-c1c2-4ea7-8fbd-1f319cf1c79f","model_name":"Qwen/Qwen2.5-VL-7B-Instruct","memory":41875931136,"time":"2025-08-14T13:57:59Z","message":"skipping warm slot, model name mismatch"}
{"level":"trace","runner_id":"real-prewarm-test-runner","slot_id":"7014b39d-c1c2-4ea7-8fbd-1f319cf1c79f","model_name":"Qwen/Qwen2.5-VL-7B-Instruct","memory":41875931136,"time":"2025-08-14T13:57:59Z","message":"skipping warm slot, model name mismatch"}
{"level":"trace","model":"Qwen/Qwen2.5-VL-7B-Instruct","time":"2025-08-14T13:57:59Z","message":"using VLLM runtime for inference request"}
{"level":"trace","model":"Qwen/Qwen2.5-VL-7B-Instruct","time":"2025-08-14T13:57:59Z","message":"using VLLM runtime for inference request"}
{"level":"trace","runner_id":"real-prewarm-test-runner","slot_id":"7014b39d-c1c2-4ea7-8fbd-1f319cf1c79f","model_name":"Qwen/Qwen2.5-VL-7B-Instruct","memory":41875931136,"time":"2025-08-14T13:57:59Z","message":"skipping warm slot, not running yet"}
{"level":"trace","runner_id":"real-prewarm-test-runner","slot_id":"7014b39d-c1c2-4ea7-8fbd-1f319cf1c79f","model_name":"Qwen/Qwen2.5-VL-7B-Instruct","memory":41875931136,"time":"2025-08-14T13:57:59Z","message":"skipping warm slot, model name mismatch"}
{"level":"trace","runner_id":"real-prewarm-test-runner","slot_id":"7014b39d-c1c2-4ea7-8fbd-1f319cf1c79f","model_name":"Qwen/Qwen2.5-VL-7B-Instruct","memory":41875931136,"time":"2025-08-14T13:57:59Z","message":"skipping warm slot, model name mismatch"}
{"level":"trace","model":"Qwen/Qwen2.5-VL-7B-Instruct","time":"2025-08-14T13:57:59Z","message":"using VLLM runtime for inference request"}
{"level":"trace","model":"Qwen/Qwen2.5-VL-7B-Instruct","time":"2025-08-14T13:57:59Z","message":"using VLLM runtime for inference request"}
{"level":"trace","runner_id":"real-prewarm-test-runner","slot_id":"7014b39d-c1c2-4ea7-8fbd-1f319cf1c79f","model_name":"Qwen/Qwen2.5-VL-7B-Instruct","memory":41875931136,"time":"2025-08-14T13:57:59Z","message":"skipping warm slot, not running yet"}
{"level":"trace","runner_id":"real-prewarm-test-runner","slot_id":"7014b39d-c1c2-4ea7-8fbd-1f319cf1c79f","model_name":"Qwen/Qwen2.5-VL-7B-Instruct","memory":41875931136,"time":"2025-08-14T13:57:59Z","message":"skipping warm slot, model name mismatch"}
{"level":"trace","runner_id":"real-prewarm-test-runner","slot_id":"7014b39d-c1c2-4ea7-8fbd-1f319cf1c79f","model_name":"Qwen/Qwen2.5-VL-7B-Instruct","memory":41875931136,"time":"2025-08-14T13:57:59Z","message":"skipping warm slot, model name mismatch"}
{"level":"trace","model":"Qwen/Qwen2.5-VL-7B-Instruct","time":"2025-08-14T13:57:59Z","message":"using VLLM runtime for inference request"}
{"level":"trace","model":"Qwen/Qwen2.5-VL-7B-Instruct","time":"2025-08-14T13:57:59Z","message":"using VLLM runtime for inference request"}
{"level":"trace","runner_id":"real-prewarm-test-runner","slot_id":"7014b39d-c1c2-4ea7-8fbd-1f319cf1c79f","model_name":"Qwen/Qwen2.5-VL-7B-Instruct","memory":41875931136,"time":"2025-08-14T13:57:59Z","message":"skipping warm slot, not running yet"}
{"level":"trace","runner_id":"real-prewarm-test-runner","slot_id":"7014b39d-c1c2-4ea7-8fbd-1f319cf1c79f","model_name":"Qwen/Qwen2.5-VL-7B-Instruct","memory":41875931136,"time":"2025-08-14T13:57:59Z","message":"skipping warm slot, model name mismatch"}
{"level":"trace","runner_id":"real-prewarm-test-runner","slot_id":"7014b39d-c1c2-4ea7-8fbd-1f319cf1c79f","model_name":"Qwen/Qwen2.5-VL-7B-Instruct","memory":41875931136,"time":"2025-08-14T13:57:59Z","message":"skipping warm slot, model name mismatch"}
{"level":"trace","model":"Qwen/Qwen2.5-VL-7B-Instruct","time":"2025-08-14T13:57:59Z","message":"using VLLM runtime for inference request"}
{"level":"trace","model":"Qwen/Qwen2.5-VL-7B-Instruct","time":"2025-08-14T13:57:59Z","message":"using VLLM runtime for inference request"}
{"level":"trace","runner_id":"real-prewarm-test-runner","slot_id":"7014b39d-c1c2-4ea7-8fbd-1f319cf1c79f","model_name":"Qwen/Qwen2.5-VL-7B-Instruct","memory":41875931136,"time":"2025-08-14T13:57:59Z","message":"skipping warm slot, not running yet"}
{"level":"trace","runner_id":"real-prewarm-test-runner","slot_id":"7014b39d-c1c2-4ea7-8fbd-1f319cf1c79f","model_name":"Qwen/Qwen2.5-VL-7B-Instruct","memory":41875931136,"time":"2025-08-14T13:57:59Z","message":"skipping warm slot, model name mismatch"}
{"level":"trace","runner_id":"real-prewarm-test-runner","slot_id":"7014b39d-c1c2-4ea7-8fbd-1f319cf1c79f","model_name":"Qwen/Qwen2.5-VL-7B-Instruct","memory":41875931136,"time":"2025-08-14T13:57:59Z","message":"skipping warm slot, model name mismatch"}
{"level":"trace","model":"Qwen/Qwen2.5-VL-7B-Instruct","time":"2025-08-14T13:57:59Z","message":"using VLLM runtime for inference request"}
{"level":"trace","model":"Qwen/Qwen2.5-VL-7B-Instruct","time":"2025-08-14T13:57:59Z","message":"using VLLM runtime for inference request"}
{"level":"trace","runner_id":"real-prewarm-test-runner","slot_id":"7014b39d-c1c2-4ea7-8fbd-1f319cf1c79f","model_name":"Qwen/Qwen2.5-VL-7B-Instruct","memory":41875931136,"time":"2025-08-14T13:57:59Z","message":"skipping warm slot, not running yet"}
{"level":"trace","runner_id":"real-prewarm-test-runner","slot_id":"7014b39d-c1c2-4ea7-8fbd-1f319cf1c79f","model_name":"Qwen/Qwen2.5-VL-7B-Instruct","memory":41875931136,"time":"2025-08-14T13:58:00Z","message":"skipping warm slot, model name mismatch"}
{"level":"trace","runner_id":"real-prewarm-test-runner","slot_id":"7014b39d-c1c2-4ea7-8fbd-1f319cf1c79f","model_name":"Qwen/Qwen2.5-VL-7B-Instruct","memory":41875931136,"time":"2025-08-14T13:58:00Z","message":"skipping warm slot, model name mismatch"}
{"level":"trace","model":"Qwen/Qwen2.5-VL-7B-Instruct","time":"2025-08-14T13:58:00Z","message":"using VLLM runtime for inference request"}
{"level":"trace","model":"Qwen/Qwen2.5-VL-7B-Instruct","time":"2025-08-14T13:58:00Z","message":"using VLLM runtime for inference request"}
{"level":"trace","runner_id":"real-prewarm-test-runner","slot_id":"7014b39d-c1c2-4ea7-8fbd-1f319cf1c79f","model_name":"Qwen/Qwen2.5-VL-7B-Instruct","memory":41875931136,"time":"2025-08-14T13:58:00Z","message":"skipping warm slot, not running yet"}
{"level":"trace","runner_id":"real-prewarm-test-runner","slot_id":"7014b39d-c1c2-4ea7-8fbd-1f319cf1c79f","model_name":"Qwen/Qwen2.5-VL-7B-Instruct","memory":41875931136,"time":"2025-08-14T13:58:00Z","message":"skipping warm slot, model name mismatch"}
{"level":"trace","runner_id":"real-prewarm-test-runner","slot_id":"7014b39d-c1c2-4ea7-8fbd-1f319cf1c79f","model_name":"Qwen/Qwen2.5-VL-7B-Instruct","memory":41875931136,"time":"2025-08-14T13:58:00Z","message":"skipping warm slot, model name mismatch"}
{"level":"trace","model":"Qwen/Qwen2.5-VL-7B-Instruct","time":"2025-08-14T13:58:00Z","message":"using VLLM runtime for inference request"}
{"level":"trace","model":"Qwen/Qwen2.5-VL-7B-Instruct","time":"2025-08-14T13:58:00Z","message":"using VLLM runtime for inference request"}
{"level":"trace","runner_id":"real-prewarm-test-runner","slot_id":"7014b39d-c1c2-4ea7-8fbd-1f319cf1c79f","model_name":"Qwen/Qwen2.5-VL-7B-Instruct","memory":41875931136,"time":"2025-08-14T13:58:00Z","message":"skipping warm slot, not running yet"}
{"level":"trace","runner_id":"real-prewarm-test-runner","slot_id":"7014b39d-c1c2-4ea7-8fbd-1f319cf1c79f","model_name":"Qwen/Qwen2.5-VL-7B-Instruct","memory":41875931136,"time":"2025-08-14T13:58:00Z","message":"skipping warm slot, model name mismatch"}
{"level":"trace","runner_id":"real-prewarm-test-runner","slot_id":"7014b39d-c1c2-4ea7-8fbd-1f319cf1c79f","model_name":"Qwen/Qwen2.5-VL-7B-Instruct","memory":41875931136,"time":"2025-08-14T13:58:00Z","message":"skipping warm slot, model name mismatch"}
{"level":"trace","model":"Qwen/Qwen2.5-VL-7B-Instruct","time":"2025-08-14T13:58:00Z","message":"using VLLM runtime for inference request"}
{"level":"trace","model":"Qwen/Qwen2.5-VL-7B-Instruct","time":"2025-08-14T13:58:00Z","message":"using VLLM runtime for inference request"}
{"level":"trace","runner_id":"real-prewarm-test-runner","slot_id":"7014b39d-c1c2-4ea7-8fbd-1f319cf1c79f","model_name":"Qwen/Qwen2.5-VL-7B-Instruct","memory":41875931136,"time":"2025-08-14T13:58:00Z","message":"skipping warm slot, not running yet"}
{"level":"trace","runner_id":"real-prewarm-test-runner","slot_id":"7014b39d-c1c2-4ea7-8fbd-1f319cf1c79f","model_name":"Qwen/Qwen2.5-VL-7B-Instruct","memory":41875931136,"time":"2025-08-14T13:58:00Z","message":"skipping warm slot, model name mismatch"}
{"level":"trace","runner_id":"real-prewarm-test-runner","slot_id":"7014b39d-c1c2-4ea7-8fbd-1f319cf1c79f","model_name":"Qwen/Qwen2.5-VL-7B-Instruct","memory":41875931136,"time":"2025-08-14T13:58:00Z","message":"skipping warm slot, model name mismatch"}
{"level":"trace","model":"Qwen/Qwen2.5-VL-7B-Instruct","time":"2025-08-14T13:58:00Z","message":"using VLLM runtime for inference request"}
{"level":"trace","model":"Qwen/Qwen2.5-VL-7B-Instruct","time":"2025-08-14T13:58:00Z","message":"using VLLM runtime for inference request"}
{"level":"trace","runner_id":"real-prewarm-test-runner","slot_id":"7014b39d-c1c2-4ea7-8fbd-1f319cf1c79f","model_name":"Qwen/Qwen2.5-VL-7B-Instruct","memory":41875931136,"time":"2025-08-14T13:58:00Z","message":"skipping warm slot, not running yet"}
{"level":"trace","runner_id":"real-prewarm-test-runner","slot_id":"7014b39d-c1c2-4ea7-8fbd-1f319cf1c79f","model_name":"Qwen/Qwen2.5-VL-7B-Instruct","memory":41875931136,"time":"2025-08-14T13:58:00Z","message":"skipping warm slot, model name mismatch"}
{"level":"trace","runner_id":"real-prewarm-test-runner","slot_id":"7014b39d-c1c2-4ea7-8fbd-1f319cf1c79f","model_name":"Qwen/Qwen2.5-VL-7B-Instruct","memory":41875931136,"time":"2025-08-14T13:58:00Z","message":"skipping warm slot, model name mismatch"}
{"level":"trace","model":"Qwen/Qwen2.5-VL-7B-Instruct","time":"2025-08-14T13:58:00Z","message":"using VLLM runtime for inference request"}
{"level":"trace","model":"Qwen/Qwen2.5-VL-7B-Instruct","time":"2025-08-14T13:58:00Z","message":"using VLLM runtime for inference request"}
{"level":"trace","runner_id":"real-prewarm-test-runner","slot_id":"7014b39d-c1c2-4ea7-8fbd-1f319cf1c79f","model_name":"Qwen/Qwen2.5-VL-7B-Instruct","memory":41875931136,"time":"2025-08-14T13:58:00Z","message":"skipping warm slot, not running yet"}
{"level":"trace","runner_id":"real-prewarm-test-runner","slot_id":"7014b39d-c1c2-4ea7-8fbd-1f319cf1c79f","model_name":"Qwen/Qwen2.5-VL-7B-Instruct","memory":41875931136,"time":"2025-08-14T13:58:00Z","message":"skipping warm slot, model name mismatch"}
{"level":"trace","runner_id":"real-prewarm-test-runner","slot_id":"7014b39d-c1c2-4ea7-8fbd-1f319cf1c79f","model_name":"Qwen/Qwen2.5-VL-7B-Instruct","memory":41875931136,"time":"2025-08-14T13:58:00Z","message":"skipping warm slot, model name mismatch"}
{"level":"trace","model":"Qwen/Qwen2.5-VL-7B-Instruct","time":"2025-08-14T13:58:00Z","message":"using VLLM runtime for inference request"}
{"level":"trace","model":"Qwen/Qwen2.5-VL-7B-Instruct","time":"2025-08-14T13:58:00Z","message":"using VLLM runtime for inference request"}
{"level":"trace","runner_id":"real-prewarm-test-runner","slot_id":"7014b39d-c1c2-4ea7-8fbd-1f319cf1c79f","model_name":"Qwen/Qwen2.5-VL-7B-Instruct","memory":41875931136,"time":"2025-08-14T13:58:00Z","message":"skipping warm slot, not running yet"}
{"level":"trace","runner_id":"real-prewarm-test-runner","slot_id":"7014b39d-c1c2-4ea7-8fbd-1f319cf1c79f","model_name":"Qwen/Qwen2.5-VL-7B-Instruct","memory":41875931136,"time":"2025-08-14T13:58:00Z","message":"skipping warm slot, model name mismatch"}
{"level":"trace","runner_id":"real-prewarm-test-runner","slot_id":"7014b39d-c1c2-4ea7-8fbd-1f319cf1c79f","model_name":"Qwen/Qwen2.5-VL-7B-Instruct","memory":41875931136,"time":"2025-08-14T13:58:00Z","message":"skipping warm slot, model name mismatch"}
{"level":"trace","model":"Qwen/Qwen2.5-VL-7B-Instruct","time":"2025-08-14T13:58:00Z","message":"using VLLM runtime for inference request"}
{"level":"trace","model":"Qwen/Qwen2.5-VL-7B-Instruct","time":"2025-08-14T13:58:00Z","message":"using VLLM runtime for inference request"}
{"level":"trace","runner_id":"real-prewarm-test-runner","slot_id":"7014b39d-c1c2-4ea7-8fbd-1f319cf1c79f","model_name":"Qwen/Qwen2.5-VL-7B-Instruct","memory":41875931136,"time":"2025-08-14T13:58:00Z","message":"skipping warm slot, not running yet"}
{"level":"trace","runner_id":"real-prewarm-test-runner","slot_id":"7014b39d-c1c2-4ea7-8fbd-1f319cf1c79f","model_name":"Qwen/Qwen2.5-VL-7B-Instruct","memory":41875931136,"time":"2025-08-14T13:58:00Z","message":"skipping warm slot, model name mismatch"}
{"level":"trace","runner_id":"real-prewarm-test-runner","slot_id":"7014b39d-c1c2-4ea7-8fbd-1f319cf1c79f","model_name":"Qwen/Qwen2.5-VL-7B-Instruct","memory":41875931136,"time":"2025-08-14T13:58:00Z","message":"skipping warm slot, model name mismatch"}
{"level":"trace","model":"Qwen/Qwen2.5-VL-7B-Instruct","time":"2025-08-14T13:58:00Z","message":"using VLLM runtime for inference request"}
{"level":"trace","model":"Qwen/Qwen2.5-VL-7B-Instruct","time":"2025-08-14T13:58:00Z","message":"using VLLM runtime for inference request"}
{"level":"trace","runner_id":"real-prewarm-test-runner","slot_id":"7014b39d-c1c2-4ea7-8fbd-1f319cf1c79f","model_name":"Qwen/Qwen2.5-VL-7B-Instruct","memory":41875931136,"time":"2025-08-14T13:58:00Z","message":"skipping warm slot, not running yet"}
{"level":"trace","runner_id":"real-prewarm-test-runner","slot_id":"7014b39d-c1c2-4ea7-8fbd-1f319cf1c79f","model_name":"Qwen/Qwen2.5-VL-7B-Instruct","memory":41875931136,"time":"2025-08-14T13:58:00Z","message":"skipping warm slot, model name mismatch"}
{"level":"trace","runner_id":"real-prewarm-test-runner","slot_id":"7014b39d-c1c2-4ea7-8fbd-1f319cf1c79f","model_name":"Qwen/Qwen2.5-VL-7B-Instruct","memory":41875931136,"time":"2025-08-14T13:58:00Z","message":"skipping warm slot, model name mismatch"}
{"level":"trace","model":"Qwen/Qwen2.5-VL-7B-Instruct","time":"2025-08-14T13:58:00Z","message":"using VLLM runtime for inference request"}
{"level":"trace","model":"Qwen/Qwen2.5-VL-7B-Instruct","time":"2025-08-14T13:58:00Z","message":"using VLLM runtime for inference request"}
{"level":"trace","runner_id":"real-prewarm-test-runner","slot_id":"7014b39d-c1c2-4ea7-8fbd-1f319cf1c79f","model_name":"Qwen/Qwen2.5-VL-7B-Instruct","memory":41875931136,"time":"2025-08-14T13:58:00Z","message":"skipping warm slot, not running yet"}
{"level":"trace","runner_id":"real-prewarm-test-runner","slot_id":"7014b39d-c1c2-4ea7-8fbd-1f319cf1c79f","model_name":"Qwen/Qwen2.5-VL-7B-Instruct","memory":41875931136,"time":"2025-08-14T13:58:00Z","message":"skipping warm slot, model name mismatch"}
{"level":"trace","runner_id":"real-prewarm-test-runner","slot_id":"7014b39d-c1c2-4ea7-8fbd-1f319cf1c79f","model_name":"Qwen/Qwen2.5-VL-7B-Instruct","memory":41875931136,"time":"2025-08-14T13:58:00Z","message":"skipping warm slot, model name mismatch"}
{"level":"trace","model":"Qwen/Qwen2.5-VL-7B-Instruct","time":"2025-08-14T13:58:00Z","message":"using VLLM runtime for inference request"}
{"level":"trace","model":"Qwen/Qwen2.5-VL-7B-Instruct","time":"2025-08-14T13:58:00Z","message":"using VLLM runtime for inference request"}
{"level":"trace","runner_id":"real-prewarm-test-runner","slot_id":"7014b39d-c1c2-4ea7-8fbd-1f319cf1c79f","model_name":"Qwen/Qwen2.5-VL-7B-Instruct","memory":41875931136,"time":"2025-08-14T13:58:00Z","message":"skipping warm slot, not running yet"}
{"level":"trace","runner_id":"real-prewarm-test-runner","slot_id":"7014b39d-c1c2-4ea7-8fbd-1f319cf1c79f","model_name":"Qwen/Qwen2.5-VL-7B-Instruct","memory":41875931136,"time":"2025-08-14T13:58:01Z","message":"skipping warm slot, model name mismatch"}
{"level":"trace","runner_id":"real-prewarm-test-runner","slot_id":"7014b39d-c1c2-4ea7-8fbd-1f319cf1c79f","model_name":"Qwen/Qwen2.5-VL-7B-Instruct","memory":41875931136,"time":"2025-08-14T13:58:01Z","message":"skipping warm slot, model name mismatch"}
{"level":"trace","model":"Qwen/Qwen2.5-VL-7B-Instruct","time":"2025-08-14T13:58:01Z","message":"using VLLM runtime for inference request"}
{"level":"trace","model":"Qwen/Qwen2.5-VL-7B-Instruct","time":"2025-08-14T13:58:01Z","message":"using VLLM runtime for inference request"}
{"level":"trace","runner_id":"real-prewarm-test-runner","slot_id":"7014b39d-c1c2-4ea7-8fbd-1f319cf1c79f","model_name":"Qwen/Qwen2.5-VL-7B-Instruct","memory":41875931136,"time":"2025-08-14T13:58:01Z","message":"skipping warm slot, not running yet"}
{"level":"trace","runner_id":"real-prewarm-test-runner","slot_id":"7014b39d-c1c2-4ea7-8fbd-1f319cf1c79f","model_name":"Qwen/Qwen2.5-VL-7B-Instruct","memory":41875931136,"time":"2025-08-14T13:58:01Z","message":"skipping warm slot, model name mismatch"}
{"level":"trace","runner_id":"real-prewarm-test-runner","slot_id":"7014b39d-c1c2-4ea7-8fbd-1f319cf1c79f","model_name":"Qwen/Qwen2.5-VL-7B-Instruct","memory":41875931136,"time":"2025-08-14T13:58:01Z","message":"skipping warm slot, model name mismatch"}
{"level":"trace","model":"Qwen/Qwen2.5-VL-7B-Instruct","time":"2025-08-14T13:58:01Z","message":"using VLLM runtime for inference request"}
{"level":"trace","model":"Qwen/Qwen2.5-VL-7B-Instruct","time":"2025-08-14T13:58:01Z","message":"using VLLM runtime for inference request"}
{"level":"trace","runner_id":"real-prewarm-test-runner","slot_id":"7014b39d-c1c2-4ea7-8fbd-1f319cf1c79f","model_name":"Qwen/Qwen2.5-VL-7B-Instruct","memory":41875931136,"time":"2025-08-14T13:58:01Z","message":"skipping warm slot, not running yet"}
{"level":"trace","runner_id":"real-prewarm-test-runner","slot_id":"7014b39d-c1c2-4ea7-8fbd-1f319cf1c79f","model_name":"Qwen/Qwen2.5-VL-7B-Instruct","memory":41875931136,"time":"2025-08-14T13:58:01Z","message":"skipping warm slot, model name mismatch"}
{"level":"trace","runner_id":"real-prewarm-test-runner","slot_id":"7014b39d-c1c2-4ea7-8fbd-1f319cf1c79f","model_name":"Qwen/Qwen2.5-VL-7B-Instruct","memory":41875931136,"time":"2025-08-14T13:58:01Z","message":"skipping warm slot, model name mismatch"}
{"level":"trace","model":"Qwen/Qwen2.5-VL-7B-Instruct","time":"2025-08-14T13:58:01Z","message":"using VLLM runtime for inference request"}
{"level":"trace","model":"Qwen/Qwen2.5-VL-7B-Instruct","time":"2025-08-14T13:58:01Z","message":"using VLLM runtime for inference request"}
{"level":"trace","runner_id":"real-prewarm-test-runner","slot_id":"7014b39d-c1c2-4ea7-8fbd-1f319cf1c79f","model_name":"Qwen/Qwen2.5-VL-7B-Instruct","memory":41875931136,"time":"2025-08-14T13:58:01Z","message":"skipping warm slot, not running yet"}
{"level":"trace","runner_id":"real-prewarm-test-runner","slot_id":"7014b39d-c1c2-4ea7-8fbd-1f319cf1c79f","model_name":"Qwen/Qwen2.5-VL-7B-Instruct","memory":41875931136,"time":"2025-08-14T13:58:01Z","message":"skipping warm slot, model name mismatch"}
{"level":"trace","runner_id":"real-prewarm-test-runner","slot_id":"7014b39d-c1c2-4ea7-8fbd-1f319cf1c79f","model_name":"Qwen/Qwen2.5-VL-7B-Instruct","memory":41875931136,"time":"2025-08-14T13:58:01Z","message":"skipping warm slot, model name mismatch"}
{"level":"trace","model":"Qwen/Qwen2.5-VL-7B-Instruct","time":"2025-08-14T13:58:01Z","message":"using VLLM runtime for inference request"}
{"level":"trace","model":"Qwen/Qwen2.5-VL-7B-Instruct","time":"2025-08-14T13:58:01Z","message":"using VLLM runtime for inference request"}
{"level":"trace","runner_id":"real-prewarm-test-runner","slot_id":"7014b39d-c1c2-4ea7-8fbd-1f319cf1c79f","model_name":"Qwen/Qwen2.5-VL-7B-Instruct","memory":41875931136,"time":"2025-08-14T13:58:01Z","message":"skipping warm slot, not running yet"}
{"level":"trace","runner_id":"real-prewarm-test-runner","slot_id":"7014b39d-c1c2-4ea7-8fbd-1f319cf1c79f","model_name":"Qwen/Qwen2.5-VL-7B-Instruct","memory":41875931136,"time":"2025-08-14T13:58:01Z","message":"skipping warm slot, model name mismatch"}
{"level":"trace","runner_id":"real-prewarm-test-runner","slot_id":"7014b39d-c1c2-4ea7-8fbd-1f319cf1c79f","model_name":"Qwen/Qwen2.5-VL-7B-Instruct","memory":41875931136,"time":"2025-08-14T13:58:01Z","message":"skipping warm slot, model name mismatch"}
{"level":"trace","model":"Qwen/Qwen2.5-VL-7B-Instruct","time":"2025-08-14T13:58:01Z","message":"using VLLM runtime for inference request"}
{"level":"trace","model":"Qwen/Qwen2.5-VL-7B-Instruct","time":"2025-08-14T13:58:01Z","message":"using VLLM runtime for inference request"}
{"level":"trace","runner_id":"real-prewarm-test-runner","slot_id":"7014b39d-c1c2-4ea7-8fbd-1f319cf1c79f","model_name":"Qwen/Qwen2.5-VL-7B-Instruct","memory":41875931136,"time":"2025-08-14T13:58:01Z","message":"skipping warm slot, not running yet"}
{"level":"trace","runner_id":"real-prewarm-test-runner","slot_id":"7014b39d-c1c2-4ea7-8fbd-1f319cf1c79f","model_name":"Qwen/Qwen2.5-VL-7B-Instruct","memory":41875931136,"time":"2025-08-14T13:58:01Z","message":"skipping warm slot, model name mismatch"}
{"level":"trace","runner_id":"real-prewarm-test-runner","slot_id":"7014b39d-c1c2-4ea7-8fbd-1f319cf1c79f","model_name":"Qwen/Qwen2.5-VL-7B-Instruct","memory":41875931136,"time":"2025-08-14T13:58:01Z","message":"skipping warm slot, model name mismatch"}
{"level":"trace","model":"Qwen/Qwen2.5-VL-7B-Instruct","time":"2025-08-14T13:58:01Z","message":"using VLLM runtime for inference request"}
{"level":"trace","model":"Qwen/Qwen2.5-VL-7B-Instruct","time":"2025-08-14T13:58:01Z","message":"using VLLM runtime for inference request"}
{"level":"trace","runner_id":"real-prewarm-test-runner","slot_id":"7014b39d-c1c2-4ea7-8fbd-1f319cf1c79f","model_name":"Qwen/Qwen2.5-VL-7B-Instruct","memory":41875931136,"time":"2025-08-14T13:58:01Z","message":"skipping warm slot, not running yet"}
{"level":"trace","runner_id":"real-prewarm-test-runner","slot_id":"7014b39d-c1c2-4ea7-8fbd-1f319cf1c79f","model_name":"Qwen/Qwen2.5-VL-7B-Instruct","memory":41875931136,"time":"2025-08-14T13:58:01Z","message":"skipping warm slot, model name mismatch"}
{"level":"trace","runner_id":"real-prewarm-test-runner","slot_id":"7014b39d-c1c2-4ea7-8fbd-1f319cf1c79f","model_name":"Qwen/Qwen2.5-VL-7B-Instruct","memory":41875931136,"time":"2025-08-14T13:58:01Z","message":"skipping warm slot, model name mismatch"}
{"level":"trace","model":"Qwen/Qwen2.5-VL-7B-Instruct","time":"2025-08-14T13:58:01Z","message":"using VLLM runtime for inference request"}
{"level":"trace","model":"Qwen/Qwen2.5-VL-7B-Instruct","time":"2025-08-14T13:58:01Z","message":"using VLLM runtime for inference request"}
{"level":"trace","runner_id":"real-prewarm-test-runner","slot_id":"7014b39d-c1c2-4ea7-8fbd-1f319cf1c79f","model_name":"Qwen/Qwen2.5-VL-7B-Instruct","memory":41875931136,"time":"2025-08-14T13:58:01Z","message":"skipping warm slot, not running yet"}
{"level":"trace","runner_id":"real-prewarm-test-runner","slot_id":"7014b39d-c1c2-4ea7-8fbd-1f319cf1c79f","model_name":"Qwen/Qwen2.5-VL-7B-Instruct","memory":41875931136,"time":"2025-08-14T13:58:01Z","message":"skipping warm slot, model name mismatch"}
{"level":"trace","runner_id":"real-prewarm-test-runner","slot_id":"7014b39d-c1c2-4ea7-8fbd-1f319cf1c79f","model_name":"Qwen/Qwen2.5-VL-7B-Instruct","memory":41875931136,"time":"2025-08-14T13:58:01Z","message":"skipping warm slot, model name mismatch"}
{"level":"trace","model":"Qwen/Qwen2.5-VL-7B-Instruct","time":"2025-08-14T13:58:01Z","message":"using VLLM runtime for inference request"}
{"level":"trace","model":"Qwen/Qwen2.5-VL-7B-Instruct","time":"2025-08-14T13:58:01Z","message":"using VLLM runtime for inference request"}
{"level":"trace","runner_id":"real-prewarm-test-runner","slot_id":"7014b39d-c1c2-4ea7-8fbd-1f319cf1c79f","model_name":"Qwen/Qwen2.5-VL-7B-Instruct","memory":41875931136,"time":"2025-08-14T13:58:01Z","message":"skipping warm slot, not running yet"}
{"level":"trace","runner_id":"real-prewarm-test-runner","slot_id":"7014b39d-c1c2-4ea7-8fbd-1f319cf1c79f","model_name":"Qwen/Qwen2.5-VL-7B-Instruct","memory":41875931136,"time":"2025-08-14T13:58:01Z","message":"skipping warm slot, model name mismatch"}
{"level":"trace","runner_id":"real-prewarm-test-runner","slot_id":"7014b39d-c1c2-4ea7-8fbd-1f319cf1c79f","model_name":"Qwen/Qwen2.5-VL-7B-Instruct","memory":41875931136,"time":"2025-08-14T13:58:01Z","message":"skipping warm slot, model name mismatch"}
{"level":"trace","model":"Qwen/Qwen2.5-VL-7B-Instruct","time":"2025-08-14T13:58:01Z","message":"using VLLM runtime for inference request"}
{"level":"trace","model":"Qwen/Qwen2.5-VL-7B-Instruct","time":"2025-08-14T13:58:01Z","message":"using VLLM runtime for inference request"}
{"level":"trace","runner_id":"real-prewarm-test-runner","slot_id":"7014b39d-c1c2-4ea7-8fbd-1f319cf1c79f","model_name":"Qwen/Qwen2.5-VL-7B-Instruct","memory":41875931136,"time":"2025-08-14T13:58:01Z","message":"skipping warm slot, not running yet"}
{"level":"trace","runner_id":"real-prewarm-test-runner","slot_id":"7014b39d-c1c2-4ea7-8fbd-1f319cf1c79f","model_name":"Qwen/Qwen2.5-VL-7B-Instruct","memory":41875931136,"time":"2025-08-14T13:58:01Z","message":"skipping warm slot, model name mismatch"}
{"level":"trace","runner_id":"real-prewarm-test-runner","slot_id":"7014b39d-c1c2-4ea7-8fbd-1f319cf1c79f","model_name":"Qwen/Qwen2.5-VL-7B-Instruct","memory":41875931136,"time":"2025-08-14T13:58:01Z","message":"skipping warm slot, model name mismatch"}
{"level":"trace","model":"Qwen/Qwen2.5-VL-7B-Instruct","time":"2025-08-14T13:58:01Z","message":"using VLLM runtime for inference request"}
{"level":"trace","model":"Qwen/Qwen2.5-VL-7B-Instruct","time":"2025-08-14T13:58:01Z","message":"using VLLM runtime for inference request"}
{"level":"trace","runner_id":"real-prewarm-test-runner","slot_id":"7014b39d-c1c2-4ea7-8fbd-1f319cf1c79f","model_name":"Qwen/Qwen2.5-VL-7B-Instruct","memory":41875931136,"time":"2025-08-14T13:58:01Z","message":"skipping warm slot, not running yet"}
{"level":"trace","runner_id":"real-prewarm-test-runner","slot_id":"7014b39d-c1c2-4ea7-8fbd-1f319cf1c79f","model_name":"Qwen/Qwen2.5-VL-7B-Instruct","memory":41875931136,"time":"2025-08-14T13:58:02Z","message":"skipping warm slot, model name mismatch"}
{"level":"trace","runner_id":"real-prewarm-test-runner","slot_id":"7014b39d-c1c2-4ea7-8fbd-1f319cf1c79f","model_name":"Qwen/Qwen2.5-VL-7B-Instruct","memory":41875931136,"time":"2025-08-14T13:58:02Z","message":"skipping warm slot, model name mismatch"}
{"level":"trace","model":"Qwen/Qwen2.5-VL-7B-Instruct","time":"2025-08-14T13:58:02Z","message":"using VLLM runtime for inference request"}
{"level":"trace","model":"Qwen/Qwen2.5-VL-7B-Instruct","time":"2025-08-14T13:58:02Z","message":"using VLLM runtime for inference request"}
{"level":"trace","runner_id":"real-prewarm-test-runner","slot_id":"7014b39d-c1c2-4ea7-8fbd-1f319cf1c79f","model_name":"Qwen/Qwen2.5-VL-7B-Instruct","memory":41875931136,"time":"2025-08-14T13:58:02Z","message":"skipping warm slot, not running yet"}
{"level":"trace","runner_id":"real-prewarm-test-runner","slot_id":"7014b39d-c1c2-4ea7-8fbd-1f319cf1c79f","model_name":"Qwen/Qwen2.5-VL-7B-Instruct","memory":41875931136,"time":"2025-08-14T13:58:02Z","message":"skipping warm slot, model name mismatch"}
{"level":"trace","runner_id":"real-prewarm-test-runner","slot_id":"7014b39d-c1c2-4ea7-8fbd-1f319cf1c79f","model_name":"Qwen/Qwen2.5-VL-7B-Instruct","memory":41875931136,"time":"2025-08-14T13:58:02Z","message":"skipping warm slot, model name mismatch"}
{"level":"trace","model":"Qwen/Qwen2.5-VL-7B-Instruct","time":"2025-08-14T13:58:02Z","message":"using VLLM runtime for inference request"}
{"level":"trace","model":"Qwen/Qwen2.5-VL-7B-Instruct","time":"2025-08-14T13:58:02Z","message":"using VLLM runtime for inference request"}
{"level":"trace","runner_id":"real-prewarm-test-runner","slot_id":"7014b39d-c1c2-4ea7-8fbd-1f319cf1c79f","model_name":"Qwen/Qwen2.5-VL-7B-Instruct","memory":41875931136,"time":"2025-08-14T13:58:02Z","message":"skipping warm slot, not running yet"}
{"level":"trace","runner_id":"real-prewarm-test-runner","slot_id":"7014b39d-c1c2-4ea7-8fbd-1f319cf1c79f","model_name":"Qwen/Qwen2.5-VL-7B-Instruct","memory":41875931136,"time":"2025-08-14T13:58:02Z","message":"skipping warm slot, model name mismatch"}
{"level":"trace","runner_id":"real-prewarm-test-runner","slot_id":"7014b39d-c1c2-4ea7-8fbd-1f319cf1c79f","model_name":"Qwen/Qwen2.5-VL-7B-Instruct","memory":41875931136,"time":"2025-08-14T13:58:02Z","message":"skipping warm slot, model name mismatch"}
{"level":"trace","model":"Qwen/Qwen2.5-VL-7B-Instruct","time":"2025-08-14T13:58:02Z","message":"using VLLM runtime for inference request"}
{"level":"trace","model":"Qwen/Qwen2.5-VL-7B-Instruct","time":"2025-08-14T13:58:02Z","message":"using VLLM runtime for inference request"}
{"level":"trace","runner_id":"real-prewarm-test-runner","slot_id":"7014b39d-c1c2-4ea7-8fbd-1f319cf1c79f","model_name":"Qwen/Qwen2.5-VL-7B-Instruct","memory":41875931136,"time":"2025-08-14T13:58:02Z","message":"skipping warm slot, not running yet"}
{"level":"trace","runner_id":"real-prewarm-test-runner","slot_id":"7014b39d-c1c2-4ea7-8fbd-1f319cf1c79f","model_name":"Qwen/Qwen2.5-VL-7B-Instruct","memory":41875931136,"time":"2025-08-14T13:58:02Z","message":"skipping warm slot, model name mismatch"}
{"level":"trace","runner_id":"real-prewarm-test-runner","slot_id":"7014b39d-c1c2-4ea7-8fbd-1f319cf1c79f","model_name":"Qwen/Qwen2.5-VL-7B-Instruct","memory":41875931136,"time":"2025-08-14T13:58:02Z","message":"skipping warm slot, model name mismatch"}
{"level":"trace","model":"Qwen/Qwen2.5-VL-7B-Instruct","time":"2025-08-14T13:58:02Z","message":"using VLLM runtime for inference request"}
{"level":"trace","model":"Qwen/Qwen2.5-VL-7B-Instruct","time":"2025-08-14T13:58:02Z","message":"using VLLM runtime for inference request"}
{"level":"trace","runner_id":"real-prewarm-test-runner","slot_id":"7014b39d-c1c2-4ea7-8fbd-1f319cf1c79f","model_name":"Qwen/Qwen2.5-VL-7B-Instruct","memory":41875931136,"time":"2025-08-14T13:58:02Z","message":"skipping warm slot, not running yet"}
{"level":"trace","runner_id":"real-prewarm-test-runner","slot_id":"7014b39d-c1c2-4ea7-8fbd-1f319cf1c79f","model_name":"Qwen/Qwen2.5-VL-7B-Instruct","memory":41875931136,"time":"2025-08-14T13:58:02Z","message":"skipping warm slot, model name mismatch"}
{"level":"trace","runner_id":"real-prewarm-test-runner","slot_id":"7014b39d-c1c2-4ea7-8fbd-1f319cf1c79f","model_name":"Qwen/Qwen2.5-VL-7B-Instruct","memory":41875931136,"time":"2025-08-14T13:58:02Z","message":"skipping warm slot, model name mismatch"}
{"level":"trace","model":"Qwen/Qwen2.5-VL-7B-Instruct","time":"2025-08-14T13:58:02Z","message":"using VLLM runtime for inference request"}
{"level":"trace","model":"Qwen/Qwen2.5-VL-7B-Instruct","time":"2025-08-14T13:58:02Z","message":"using VLLM runtime for inference request"}
{"level":"trace","runner_id":"real-prewarm-test-runner","slot_id":"7014b39d-c1c2-4ea7-8fbd-1f319cf1c79f","model_name":"Qwen/Qwen2.5-VL-7B-Instruct","memory":41875931136,"time":"2025-08-14T13:58:02Z","message":"skipping warm slot, not running yet"}
{"level":"trace","runner_id":"real-prewarm-test-runner","slot_id":"7014b39d-c1c2-4ea7-8fbd-1f319cf1c79f","model_name":"Qwen/Qwen2.5-VL-7B-Instruct","memory":41875931136,"time":"2025-08-14T13:58:02Z","message":"skipping warm slot, model name mismatch"}
{"level":"trace","runner_id":"real-prewarm-test-runner","slot_id":"7014b39d-c1c2-4ea7-8fbd-1f319cf1c79f","model_name":"Qwen/Qwen2.5-VL-7B-Instruct","memory":41875931136,"time":"2025-08-14T13:58:02Z","message":"skipping warm slot, model name mismatch"}
{"level":"trace","model":"Qwen/Qwen2.5-VL-7B-Instruct","time":"2025-08-14T13:58:02Z","message":"using VLLM runtime for inference request"}
{"level":"trace","model":"Qwen/Qwen2.5-VL-7B-Instruct","time":"2025-08-14T13:58:02Z","message":"using VLLM runtime for inference request"}
{"level":"trace","runner_id":"real-prewarm-test-runner","slot_id":"7014b39d-c1c2-4ea7-8fbd-1f319cf1c79f","model_name":"Qwen/Qwen2.5-VL-7B-Instruct","memory":41875931136,"time":"2025-08-14T13:58:02Z","message":"skipping warm slot, not running yet"}
{"level":"trace","runner_id":"real-prewarm-test-runner","slot_id":"7014b39d-c1c2-4ea7-8fbd-1f319cf1c79f","model_name":"Qwen/Qwen2.5-VL-7B-Instruct","memory":41875931136,"time":"2025-08-14T13:58:02Z","message":"skipping warm slot, model name mismatch"}
{"level":"trace","runner_id":"real-prewarm-test-runner","slot_id":"7014b39d-c1c2-4ea7-8fbd-1f319cf1c79f","model_name":"Qwen/Qwen2.5-VL-7B-Instruct","memory":41875931136,"time":"2025-08-14T13:58:02Z","message":"skipping warm slot, model name mismatch"}
{"level":"trace","model":"Qwen/Qwen2.5-VL-7B-Instruct","time":"2025-08-14T13:58:02Z","message":"using VLLM runtime for inference request"}
{"level":"trace","model":"Qwen/Qwen2.5-VL-7B-Instruct","time":"2025-08-14T13:58:02Z","message":"using VLLM runtime for inference request"}
{"level":"trace","runner_id":"real-prewarm-test-runner","slot_id":"7014b39d-c1c2-4ea7-8fbd-1f319cf1c79f","model_name":"Qwen/Qwen2.5-VL-7B-Instruct","memory":41875931136,"time":"2025-08-14T13:58:02Z","message":"skipping warm slot, not running yet"}
{"level":"trace","runner_id":"real-prewarm-test-runner","slot_id":"7014b39d-c1c2-4ea7-8fbd-1f319cf1c79f","model_name":"Qwen/Qwen2.5-VL-7B-Instruct","memory":41875931136,"time":"2025-08-14T13:58:02Z","message":"skipping warm slot, model name mismatch"}
{"level":"trace","runner_id":"real-prewarm-test-runner","slot_id":"7014b39d-c1c2-4ea7-8fbd-1f319cf1c79f","model_name":"Qwen/Qwen2.5-VL-7B-Instruct","memory":41875931136,"time":"2025-08-14T13:58:02Z","message":"skipping warm slot, model name mismatch"}
{"level":"trace","model":"Qwen/Qwen2.5-VL-7B-Instruct","time":"2025-08-14T13:58:02Z","message":"using VLLM runtime for inference request"}
{"level":"trace","model":"Qwen/Qwen2.5-VL-7B-Instruct","time":"2025-08-14T13:58:02Z","message":"using VLLM runtime for inference request"}
{"level":"trace","runner_id":"real-prewarm-test-runner","slot_id":"7014b39d-c1c2-4ea7-8fbd-1f319cf1c79f","model_name":"Qwen/Qwen2.5-VL-7B-Instruct","memory":41875931136,"time":"2025-08-14T13:58:02Z","message":"skipping warm slot, not running yet"}
{"level":"trace","runner_id":"real-prewarm-test-runner","slot_id":"7014b39d-c1c2-4ea7-8fbd-1f319cf1c79f","model_name":"Qwen/Qwen2.5-VL-7B-Instruct","memory":41875931136,"time":"2025-08-14T13:58:02Z","message":"skipping warm slot, model name mismatch"}
{"level":"trace","runner_id":"real-prewarm-test-runner","slot_id":"7014b39d-c1c2-4ea7-8fbd-1f319cf1c79f","model_name":"Qwen/Qwen2.5-VL-7B-Instruct","memory":41875931136,"time":"2025-08-14T13:58:02Z","message":"skipping warm slot, model name mismatch"}
{"level":"trace","model":"Qwen/Qwen2.5-VL-7B-Instruct","time":"2025-08-14T13:58:02Z","message":"using VLLM runtime for inference request"}
{"level":"trace","model":"Qwen/Qwen2.5-VL-7B-Instruct","time":"2025-08-14T13:58:02Z","message":"using VLLM runtime for inference request"}
{"level":"trace","runner_id":"real-prewarm-test-runner","slot_id":"7014b39d-c1c2-4ea7-8fbd-1f319cf1c79f","model_name":"Qwen/Qwen2.5-VL-7B-Instruct","memory":41875931136,"time":"2025-08-14T13:58:02Z","message":"skipping warm slot, not running yet"}
{"level":"trace","runner_id":"real-prewarm-test-runner","slot_id":"7014b39d-c1c2-4ea7-8fbd-1f319cf1c79f","model_name":"Qwen/Qwen2.5-VL-7B-Instruct","memory":41875931136,"time":"2025-08-14T13:58:02Z","message":"skipping warm slot, model name mismatch"}
{"level":"trace","runner_id":"real-prewarm-test-runner","slot_id":"7014b39d-c1c2-4ea7-8fbd-1f319cf1c79f","model_name":"Qwen/Qwen2.5-VL-7B-Instruct","memory":41875931136,"time":"2025-08-14T13:58:02Z","message":"skipping warm slot, model name mismatch"}
{"level":"trace","model":"Qwen/Qwen2.5-VL-7B-Instruct","time":"2025-08-14T13:58:02Z","message":"using VLLM runtime for inference request"}
{"level":"trace","model":"Qwen/Qwen2.5-VL-7B-Instruct","time":"2025-08-14T13:58:02Z","message":"using VLLM runtime for inference request"}
{"level":"trace","runner_id":"real-prewarm-test-runner","slot_id":"7014b39d-c1c2-4ea7-8fbd-1f319cf1c79f","model_name":"Qwen/Qwen2.5-VL-7B-Instruct","memory":41875931136,"time":"2025-08-14T13:58:02Z","message":"skipping warm slot, not running yet"}
{"level":"trace","runner_id":"real-prewarm-test-runner","slot_id":"7014b39d-c1c2-4ea7-8fbd-1f319cf1c79f","model_name":"Qwen/Qwen2.5-VL-7B-Instruct","memory":41875931136,"time":"2025-08-14T13:58:03Z","message":"skipping warm slot, model name mismatch"}
{"level":"trace","runner_id":"real-prewarm-test-runner","slot_id":"7014b39d-c1c2-4ea7-8fbd-1f319cf1c79f","model_name":"Qwen/Qwen2.5-VL-7B-Instruct","memory":41875931136,"time":"2025-08-14T13:58:03Z","message":"skipping warm slot, model name mismatch"}
{"level":"trace","model":"Qwen/Qwen2.5-VL-7B-Instruct","time":"2025-08-14T13:58:03Z","message":"using VLLM runtime for inference request"}
{"level":"trace","model":"Qwen/Qwen2.5-VL-7B-Instruct","time":"2025-08-14T13:58:03Z","message":"using VLLM runtime for inference request"}
{"level":"trace","runner_id":"real-prewarm-test-runner","slot_id":"7014b39d-c1c2-4ea7-8fbd-1f319cf1c79f","model_name":"Qwen/Qwen2.5-VL-7B-Instruct","memory":41875931136,"time":"2025-08-14T13:58:03Z","message":"skipping warm slot, not running yet"}
{"level":"trace","messages":0,"consumers":0,"oldest_message":"0001-01-01T00:00:00Z","newest_message":"0001-01-01T00:00:00Z","time":"2025-08-14T13:58:03Z","message":"Stream info"}
{"level":"trace","runner_id":"real-prewarm-test-runner","slot_id":"7014b39d-c1c2-4ea7-8fbd-1f319cf1c79f","model_name":"Qwen/Qwen2.5-VL-7B-Instruct","memory":41875931136,"time":"2025-08-14T13:58:03Z","message":"skipping warm slot, model name mismatch"}
{"level":"trace","runner_id":"real-prewarm-test-runner","slot_id":"7014b39d-c1c2-4ea7-8fbd-1f319cf1c79f","model_name":"Qwen/Qwen2.5-VL-7B-Instruct","memory":41875931136,"time":"2025-08-14T13:58:03Z","message":"skipping warm slot, model name mismatch"}
{"level":"trace","model":"Qwen/Qwen2.5-VL-7B-Instruct","time":"2025-08-14T13:58:03Z","message":"using VLLM runtime for inference request"}
{"level":"trace","model":"Qwen/Qwen2.5-VL-7B-Instruct","time":"2025-08-14T13:58:03Z","message":"using VLLM runtime for inference request"}
{"level":"trace","runner_id":"real-prewarm-test-runner","slot_id":"7014b39d-c1c2-4ea7-8fbd-1f319cf1c79f","model_name":"Qwen/Qwen2.5-VL-7B-Instruct","memory":41875931136,"time":"2025-08-14T13:58:03Z","message":"skipping warm slot, not running yet"}
{"level":"trace","runner_id":"real-prewarm-test-runner","slot_id":"7014b39d-c1c2-4ea7-8fbd-1f319cf1c79f","model_name":"Qwen/Qwen2.5-VL-7B-Instruct","memory":41875931136,"time":"2025-08-14T13:58:03Z","message":"skipping warm slot, model name mismatch"}
{"level":"trace","runner_id":"real-prewarm-test-runner","slot_id":"7014b39d-c1c2-4ea7-8fbd-1f319cf1c79f","model_name":"Qwen/Qwen2.5-VL-7B-Instruct","memory":41875931136,"time":"2025-08-14T13:58:03Z","message":"skipping warm slot, model name mismatch"}
{"level":"trace","model":"Qwen/Qwen2.5-VL-7B-Instruct","time":"2025-08-14T13:58:03Z","message":"using VLLM runtime for inference request"}
{"level":"trace","model":"Qwen/Qwen2.5-VL-7B-Instruct","time":"2025-08-14T13:58:03Z","message":"using VLLM runtime for inference request"}
{"level":"trace","runner_id":"real-prewarm-test-runner","slot_id":"7014b39d-c1c2-4ea7-8fbd-1f319cf1c79f","model_name":"Qwen/Qwen2.5-VL-7B-Instruct","memory":41875931136,"time":"2025-08-14T13:58:03Z","message":"skipping warm slot, not running yet"}
{"level":"trace","runner_id":"real-prewarm-test-runner","slot_id":"7014b39d-c1c2-4ea7-8fbd-1f319cf1c79f","model_name":"Qwen/Qwen2.5-VL-7B-Instruct","memory":41875931136,"time":"2025-08-14T13:58:03Z","message":"skipping warm slot, model name mismatch"}
{"level":"trace","runner_id":"real-prewarm-test-runner","slot_id":"7014b39d-c1c2-4ea7-8fbd-1f319cf1c79f","model_name":"Qwen/Qwen2.5-VL-7B-Instruct","memory":41875931136,"time":"2025-08-14T13:58:03Z","message":"skipping warm slot, model name mismatch"}
{"level":"trace","model":"Qwen/Qwen2.5-VL-7B-Instruct","time":"2025-08-14T13:58:03Z","message":"using VLLM runtime for inference request"}
{"level":"trace","model":"Qwen/Qwen2.5-VL-7B-Instruct","time":"2025-08-14T13:58:03Z","message":"using VLLM runtime for inference request"}
{"level":"trace","runner_id":"real-prewarm-test-runner","slot_id":"7014b39d-c1c2-4ea7-8fbd-1f319cf1c79f","model_name":"Qwen/Qwen2.5-VL-7B-Instruct","memory":41875931136,"time":"2025-08-14T13:58:03Z","message":"skipping warm slot, not running yet"}
{"level":"trace","runner_id":"real-prewarm-test-runner","slot_id":"7014b39d-c1c2-4ea7-8fbd-1f319cf1c79f","model_name":"Qwen/Qwen2.5-VL-7B-Instruct","memory":41875931136,"time":"2025-08-14T13:58:03Z","message":"skipping warm slot, model name mismatch"}
{"level":"trace","runner_id":"real-prewarm-test-runner","slot_id":"7014b39d-c1c2-4ea7-8fbd-1f319cf1c79f","model_name":"Qwen/Qwen2.5-VL-7B-Instruct","memory":41875931136,"time":"2025-08-14T13:58:03Z","message":"skipping warm slot, model name mismatch"}
{"level":"trace","model":"Qwen/Qwen2.5-VL-7B-Instruct","time":"2025-08-14T13:58:03Z","message":"using VLLM runtime for inference request"}
{"level":"trace","model":"Qwen/Qwen2.5-VL-7B-Instruct","time":"2025-08-14T13:58:03Z","message":"using VLLM runtime for inference request"}
{"level":"trace","runner_id":"real-prewarm-test-runner","slot_id":"7014b39d-c1c2-4ea7-8fbd-1f319cf1c79f","model_name":"Qwen/Qwen2.5-VL-7B-Instruct","memory":41875931136,"time":"2025-08-14T13:58:03Z","message":"skipping warm slot, not running yet"}
{"level":"trace","runner_id":"real-prewarm-test-runner","slot_id":"7014b39d-c1c2-4ea7-8fbd-1f319cf1c79f","model_name":"Qwen/Qwen2.5-VL-7B-Instruct","memory":41875931136,"time":"2025-08-14T13:58:03Z","message":"skipping warm slot, model name mismatch"}
{"level":"trace","runner_id":"real-prewarm-test-runner","slot_id":"7014b39d-c1c2-4ea7-8fbd-1f319cf1c79f","model_name":"Qwen/Qwen2.5-VL-7B-Instruct","memory":41875931136,"time":"2025-08-14T13:58:03Z","message":"skipping warm slot, model name mismatch"}
{"level":"trace","model":"Qwen/Qwen2.5-VL-7B-Instruct","time":"2025-08-14T13:58:03Z","message":"using VLLM runtime for inference request"}
{"level":"trace","model":"Qwen/Qwen2.5-VL-7B-Instruct","time":"2025-08-14T13:58:03Z","message":"using VLLM runtime for inference request"}
{"level":"trace","runner_id":"real-prewarm-test-runner","slot_id":"7014b39d-c1c2-4ea7-8fbd-1f319cf1c79f","model_name":"Qwen/Qwen2.5-VL-7B-Instruct","memory":41875931136,"time":"2025-08-14T13:58:03Z","message":"skipping warm slot, not running yet"}
{"level":"trace","runner_id":"real-prewarm-test-runner","slot_id":"7014b39d-c1c2-4ea7-8fbd-1f319cf1c79f","model_name":"Qwen/Qwen2.5-VL-7B-Instruct","memory":41875931136,"time":"2025-08-14T13:58:03Z","message":"skipping warm slot, model name mismatch"}
{"level":"trace","runner_id":"real-prewarm-test-runner","slot_id":"7014b39d-c1c2-4ea7-8fbd-1f319cf1c79f","model_name":"Qwen/Qwen2.5-VL-7B-Instruct","memory":41875931136,"time":"2025-08-14T13:58:03Z","message":"skipping warm slot, model name mismatch"}
{"level":"trace","model":"Qwen/Qwen2.5-VL-7B-Instruct","time":"2025-08-14T13:58:03Z","message":"using VLLM runtime for inference request"}
{"level":"trace","model":"Qwen/Qwen2.5-VL-7B-Instruct","time":"2025-08-14T13:58:03Z","message":"using VLLM runtime for inference request"}
{"level":"trace","runner_id":"real-prewarm-test-runner","slot_id":"7014b39d-c1c2-4ea7-8fbd-1f319cf1c79f","model_name":"Qwen/Qwen2.5-VL-7B-Instruct","memory":41875931136,"time":"2025-08-14T13:58:03Z","message":"skipping warm slot, not running yet"}
{"level":"trace","runner_id":"real-prewarm-test-runner","slot_id":"7014b39d-c1c2-4ea7-8fbd-1f319cf1c79f","model_name":"Qwen/Qwen2.5-VL-7B-Instruct","memory":41875931136,"time":"2025-08-14T13:58:03Z","message":"skipping warm slot, model name mismatch"}
{"level":"trace","runner_id":"real-prewarm-test-runner","slot_id":"7014b39d-c1c2-4ea7-8fbd-1f319cf1c79f","model_name":"Qwen/Qwen2.5-VL-7B-Instruct","memory":41875931136,"time":"2025-08-14T13:58:03Z","message":"skipping warm slot, model name mismatch"}
{"level":"trace","model":"Qwen/Qwen2.5-VL-7B-Instruct","time":"2025-08-14T13:58:03Z","message":"using VLLM runtime for inference request"}
{"level":"trace","model":"Qwen/Qwen2.5-VL-7B-Instruct","time":"2025-08-14T13:58:03Z","message":"using VLLM runtime for inference request"}
{"level":"trace","runner_id":"real-prewarm-test-runner","slot_id":"7014b39d-c1c2-4ea7-8fbd-1f319cf1c79f","model_name":"Qwen/Qwen2.5-VL-7B-Instruct","memory":41875931136,"time":"2025-08-14T13:58:03Z","message":"skipping warm slot, not running yet"}
{"level":"trace","runner_id":"real-prewarm-test-runner","slot_id":"7014b39d-c1c2-4ea7-8fbd-1f319cf1c79f","model_name":"Qwen/Qwen2.5-VL-7B-Instruct","memory":41875931136,"time":"2025-08-14T13:58:03Z","message":"skipping warm slot, model name mismatch"}
{"level":"trace","runner_id":"real-prewarm-test-runner","slot_id":"7014b39d-c1c2-4ea7-8fbd-1f319cf1c79f","model_name":"Qwen/Qwen2.5-VL-7B-Instruct","memory":41875931136,"time":"2025-08-14T13:58:03Z","message":"skipping warm slot, model name mismatch"}
{"level":"trace","model":"Qwen/Qwen2.5-VL-7B-Instruct","time":"2025-08-14T13:58:03Z","message":"using VLLM runtime for inference request"}
{"level":"trace","model":"Qwen/Qwen2.5-VL-7B-Instruct","time":"2025-08-14T13:58:03Z","message":"using VLLM runtime for inference request"}
{"level":"trace","runner_id":"real-prewarm-test-runner","slot_id":"7014b39d-c1c2-4ea7-8fbd-1f319cf1c79f","model_name":"Qwen/Qwen2.5-VL-7B-Instruct","memory":41875931136,"time":"2025-08-14T13:58:03Z","message":"skipping warm slot, not running yet"}
{"level":"trace","runner_id":"real-prewarm-test-runner","slot_id":"7014b39d-c1c2-4ea7-8fbd-1f319cf1c79f","model_name":"Qwen/Qwen2.5-VL-7B-Instruct","memory":41875931136,"time":"2025-08-14T13:58:03Z","message":"skipping warm slot, model name mismatch"}
{"level":"trace","runner_id":"real-prewarm-test-runner","slot_id":"7014b39d-c1c2-4ea7-8fbd-1f319cf1c79f","model_name":"Qwen/Qwen2.5-VL-7B-Instruct","memory":41875931136,"time":"2025-08-14T13:58:03Z","message":"skipping warm slot, model name mismatch"}
{"level":"trace","model":"Qwen/Qwen2.5-VL-7B-Instruct","time":"2025-08-14T13:58:03Z","message":"using VLLM runtime for inference request"}
{"level":"trace","model":"Qwen/Qwen2.5-VL-7B-Instruct","time":"2025-08-14T13:58:03Z","message":"using VLLM runtime for inference request"}
{"level":"trace","runner_id":"real-prewarm-test-runner","slot_id":"7014b39d-c1c2-4ea7-8fbd-1f319cf1c79f","model_name":"Qwen/Qwen2.5-VL-7B-Instruct","memory":41875931136,"time":"2025-08-14T13:58:03Z","message":"skipping warm slot, not running yet"}
{"level":"trace","runner_id":"real-prewarm-test-runner","slot_id":"7014b39d-c1c2-4ea7-8fbd-1f319cf1c79f","model_name":"Qwen/Qwen2.5-VL-7B-Instruct","memory":41875931136,"time":"2025-08-14T13:58:04Z","message":"skipping warm slot, model name mismatch"}
{"level":"trace","runner_id":"real-prewarm-test-runner","slot_id":"7014b39d-c1c2-4ea7-8fbd-1f319cf1c79f","model_name":"Qwen/Qwen2.5-VL-7B-Instruct","memory":41875931136,"time":"2025-08-14T13:58:04Z","message":"skipping warm slot, model name mismatch"}
{"level":"trace","model":"Qwen/Qwen2.5-VL-7B-Instruct","time":"2025-08-14T13:58:04Z","message":"using VLLM runtime for inference request"}
{"level":"trace","model":"Qwen/Qwen2.5-VL-7B-Instruct","time":"2025-08-14T13:58:04Z","message":"using VLLM runtime for inference request"}
{"level":"trace","runner_id":"real-prewarm-test-runner","slot_id":"7014b39d-c1c2-4ea7-8fbd-1f319cf1c79f","model_name":"Qwen/Qwen2.5-VL-7B-Instruct","memory":41875931136,"time":"2025-08-14T13:58:04Z","message":"skipping warm slot, not running yet"}
{"level":"trace","runner_id":"real-prewarm-test-runner","slot_id":"7014b39d-c1c2-4ea7-8fbd-1f319cf1c79f","model_name":"Qwen/Qwen2.5-VL-7B-Instruct","memory":41875931136,"time":"2025-08-14T13:58:04Z","message":"skipping warm slot, model name mismatch"}
{"level":"trace","runner_id":"real-prewarm-test-runner","slot_id":"7014b39d-c1c2-4ea7-8fbd-1f319cf1c79f","model_name":"Qwen/Qwen2.5-VL-7B-Instruct","memory":41875931136,"time":"2025-08-14T13:58:04Z","message":"skipping warm slot, model name mismatch"}
{"level":"trace","model":"Qwen/Qwen2.5-VL-7B-Instruct","time":"2025-08-14T13:58:04Z","message":"using VLLM runtime for inference request"}
{"level":"trace","model":"Qwen/Qwen2.5-VL-7B-Instruct","time":"2025-08-14T13:58:04Z","message":"using VLLM runtime for inference request"}
{"level":"trace","runner_id":"real-prewarm-test-runner","slot_id":"7014b39d-c1c2-4ea7-8fbd-1f319cf1c79f","model_name":"Qwen/Qwen2.5-VL-7B-Instruct","memory":41875931136,"time":"2025-08-14T13:58:04Z","message":"skipping warm slot, not running yet"}
{"level":"trace","runner_id":"real-prewarm-test-runner","slot_id":"7014b39d-c1c2-4ea7-8fbd-1f319cf1c79f","model_name":"Qwen/Qwen2.5-VL-7B-Instruct","memory":41875931136,"time":"2025-08-14T13:58:04Z","message":"skipping warm slot, model name mismatch"}
{"level":"trace","runner_id":"real-prewarm-test-runner","slot_id":"7014b39d-c1c2-4ea7-8fbd-1f319cf1c79f","model_name":"Qwen/Qwen2.5-VL-7B-Instruct","memory":41875931136,"time":"2025-08-14T13:58:04Z","message":"skipping warm slot, model name mismatch"}
{"level":"trace","model":"Qwen/Qwen2.5-VL-7B-Instruct","time":"2025-08-14T13:58:04Z","message":"using VLLM runtime for inference request"}
{"level":"trace","model":"Qwen/Qwen2.5-VL-7B-Instruct","time":"2025-08-14T13:58:04Z","message":"using VLLM runtime for inference request"}
{"level":"trace","runner_id":"real-prewarm-test-runner","slot_id":"7014b39d-c1c2-4ea7-8fbd-1f319cf1c79f","model_name":"Qwen/Qwen2.5-VL-7B-Instruct","memory":41875931136,"time":"2025-08-14T13:58:04Z","message":"skipping warm slot, not running yet"}
{"level":"trace","runner_id":"real-prewarm-test-runner","slot_id":"7014b39d-c1c2-4ea7-8fbd-1f319cf1c79f","model_name":"Qwen/Qwen2.5-VL-7B-Instruct","memory":41875931136,"time":"2025-08-14T13:58:04Z","message":"skipping warm slot, model name mismatch"}
{"level":"trace","runner_id":"real-prewarm-test-runner","slot_id":"7014b39d-c1c2-4ea7-8fbd-1f319cf1c79f","model_name":"Qwen/Qwen2.5-VL-7B-Instruct","memory":41875931136,"time":"2025-08-14T13:58:04Z","message":"skipping warm slot, model name mismatch"}
{"level":"trace","model":"Qwen/Qwen2.5-VL-7B-Instruct","time":"2025-08-14T13:58:04Z","message":"using VLLM runtime for inference request"}
{"level":"trace","model":"Qwen/Qwen2.5-VL-7B-Instruct","time":"2025-08-14T13:58:04Z","message":"using VLLM runtime for inference request"}
{"level":"trace","runner_id":"real-prewarm-test-runner","slot_id":"7014b39d-c1c2-4ea7-8fbd-1f319cf1c79f","model_name":"Qwen/Qwen2.5-VL-7B-Instruct","memory":41875931136,"time":"2025-08-14T13:58:04Z","message":"skipping warm slot, not running yet"}
{"level":"trace","runner_id":"real-prewarm-test-runner","slot_id":"7014b39d-c1c2-4ea7-8fbd-1f319cf1c79f","model_name":"Qwen/Qwen2.5-VL-7B-Instruct","memory":41875931136,"time":"2025-08-14T13:58:04Z","message":"skipping warm slot, model name mismatch"}
{"level":"trace","runner_id":"real-prewarm-test-runner","slot_id":"7014b39d-c1c2-4ea7-8fbd-1f319cf1c79f","model_name":"Qwen/Qwen2.5-VL-7B-Instruct","memory":41875931136,"time":"2025-08-14T13:58:04Z","message":"skipping warm slot, model name mismatch"}
{"level":"trace","model":"Qwen/Qwen2.5-VL-7B-Instruct","time":"2025-08-14T13:58:04Z","message":"using VLLM runtime for inference request"}
{"level":"trace","model":"Qwen/Qwen2.5-VL-7B-Instruct","time":"2025-08-14T13:58:04Z","message":"using VLLM runtime for inference request"}
{"level":"trace","runner_id":"real-prewarm-test-runner","slot_id":"7014b39d-c1c2-4ea7-8fbd-1f319cf1c79f","model_name":"Qwen/Qwen2.5-VL-7B-Instruct","memory":41875931136,"time":"2025-08-14T13:58:04Z","message":"skipping warm slot, not running yet"}
{"level":"trace","runner_id":"real-prewarm-test-runner","slot_id":"7014b39d-c1c2-4ea7-8fbd-1f319cf1c79f","model_name":"Qwen/Qwen2.5-VL-7B-Instruct","memory":41875931136,"time":"2025-08-14T13:58:04Z","message":"skipping warm slot, model name mismatch"}
{"level":"trace","runner_id":"real-prewarm-test-runner","slot_id":"7014b39d-c1c2-4ea7-8fbd-1f319cf1c79f","model_name":"Qwen/Qwen2.5-VL-7B-Instruct","memory":41875931136,"time":"2025-08-14T13:58:04Z","message":"skipping warm slot, model name mismatch"}
{"level":"trace","model":"Qwen/Qwen2.5-VL-7B-Instruct","time":"2025-08-14T13:58:04Z","message":"using VLLM runtime for inference request"}
{"level":"trace","model":"Qwen/Qwen2.5-VL-7B-Instruct","time":"2025-08-14T13:58:04Z","message":"using VLLM runtime for inference request"}
{"level":"trace","runner_id":"real-prewarm-test-runner","slot_id":"7014b39d-c1c2-4ea7-8fbd-1f319cf1c79f","model_name":"Qwen/Qwen2.5-VL-7B-Instruct","memory":41875931136,"time":"2025-08-14T13:58:04Z","message":"skipping warm slot, not running yet"}
{"level":"trace","runner_id":"real-prewarm-test-runner","slot_id":"7014b39d-c1c2-4ea7-8fbd-1f319cf1c79f","model_name":"Qwen/Qwen2.5-VL-7B-Instruct","memory":41875931136,"time":"2025-08-14T13:58:04Z","message":"skipping warm slot, model name mismatch"}
{"level":"trace","runner_id":"real-prewarm-test-runner","slot_id":"7014b39d-c1c2-4ea7-8fbd-1f319cf1c79f","model_name":"Qwen/Qwen2.5-VL-7B-Instruct","memory":41875931136,"time":"2025-08-14T13:58:04Z","message":"skipping warm slot, model name mismatch"}
{"level":"trace","model":"Qwen/Qwen2.5-VL-7B-Instruct","time":"2025-08-14T13:58:04Z","message":"using VLLM runtime for inference request"}
{"level":"trace","model":"Qwen/Qwen2.5-VL-7B-Instruct","time":"2025-08-14T13:58:04Z","message":"using VLLM runtime for inference request"}
{"level":"trace","runner_id":"real-prewarm-test-runner","slot_id":"7014b39d-c1c2-4ea7-8fbd-1f319cf1c79f","model_name":"Qwen/Qwen2.5-VL-7B-Instruct","memory":41875931136,"time":"2025-08-14T13:58:04Z","message":"skipping warm slot, not running yet"}
{"level":"trace","runner_id":"real-prewarm-test-runner","slot_id":"7014b39d-c1c2-4ea7-8fbd-1f319cf1c79f","model_name":"Qwen/Qwen2.5-VL-7B-Instruct","memory":41875931136,"time":"2025-08-14T13:58:04Z","message":"skipping warm slot, model name mismatch"}
{"level":"trace","runner_id":"real-prewarm-test-runner","slot_id":"7014b39d-c1c2-4ea7-8fbd-1f319cf1c79f","model_name":"Qwen/Qwen2.5-VL-7B-Instruct","memory":41875931136,"time":"2025-08-14T13:58:04Z","message":"skipping warm slot, model name mismatch"}
{"level":"trace","model":"Qwen/Qwen2.5-VL-7B-Instruct","time":"2025-08-14T13:58:04Z","message":"using VLLM runtime for inference request"}
{"level":"trace","model":"Qwen/Qwen2.5-VL-7B-Instruct","time":"2025-08-14T13:58:04Z","message":"using VLLM runtime for inference request"}
{"level":"trace","runner_id":"real-prewarm-test-runner","slot_id":"7014b39d-c1c2-4ea7-8fbd-1f319cf1c79f","model_name":"Qwen/Qwen2.5-VL-7B-Instruct","memory":41875931136,"time":"2025-08-14T13:58:04Z","message":"skipping warm slot, not running yet"}
{"level":"trace","runner_id":"real-prewarm-test-runner","slot_id":"7014b39d-c1c2-4ea7-8fbd-1f319cf1c79f","model_name":"Qwen/Qwen2.5-VL-7B-Instruct","memory":41875931136,"time":"2025-08-14T13:58:04Z","message":"skipping warm slot, model name mismatch"}
{"level":"trace","runner_id":"real-prewarm-test-runner","slot_id":"7014b39d-c1c2-4ea7-8fbd-1f319cf1c79f","model_name":"Qwen/Qwen2.5-VL-7B-Instruct","memory":41875931136,"time":"2025-08-14T13:58:04Z","message":"skipping warm slot, model name mismatch"}
{"level":"trace","model":"Qwen/Qwen2.5-VL-7B-Instruct","time":"2025-08-14T13:58:04Z","message":"using VLLM runtime for inference request"}
{"level":"trace","model":"Qwen/Qwen2.5-VL-7B-Instruct","time":"2025-08-14T13:58:04Z","message":"using VLLM runtime for inference request"}
{"level":"trace","runner_id":"real-prewarm-test-runner","slot_id":"7014b39d-c1c2-4ea7-8fbd-1f319cf1c79f","model_name":"Qwen/Qwen2.5-VL-7B-Instruct","memory":41875931136,"time":"2025-08-14T13:58:04Z","message":"skipping warm slot, not running yet"}
{"level":"trace","runner_id":"real-prewarm-test-runner","slot_id":"7014b39d-c1c2-4ea7-8fbd-1f319cf1c79f","model_name":"Qwen/Qwen2.5-VL-7B-Instruct","memory":41875931136,"time":"2025-08-14T13:58:04Z","message":"skipping warm slot, model name mismatch"}
{"level":"trace","runner_id":"real-prewarm-test-runner","slot_id":"7014b39d-c1c2-4ea7-8fbd-1f319cf1c79f","model_name":"Qwen/Qwen2.5-VL-7B-Instruct","memory":41875931136,"time":"2025-08-14T13:58:04Z","message":"skipping warm slot, model name mismatch"}
{"level":"trace","model":"Qwen/Qwen2.5-VL-7B-Instruct","time":"2025-08-14T13:58:04Z","message":"using VLLM runtime for inference request"}
{"level":"trace","model":"Qwen/Qwen2.5-VL-7B-Instruct","time":"2025-08-14T13:58:04Z","message":"using VLLM runtime for inference request"}
{"level":"trace","runner_id":"real-prewarm-test-runner","slot_id":"7014b39d-c1c2-4ea7-8fbd-1f319cf1c79f","model_name":"Qwen/Qwen2.5-VL-7B-Instruct","memory":41875931136,"time":"2025-08-14T13:58:04Z","message":"skipping warm slot, not running yet"}
{"level":"trace","runner_id":"real-prewarm-test-runner","slot_id":"7014b39d-c1c2-4ea7-8fbd-1f319cf1c79f","model_name":"Qwen/Qwen2.5-VL-7B-Instruct","memory":41875931136,"time":"2025-08-14T13:58:05Z","message":"skipping warm slot, model name mismatch"}
{"level":"trace","runner_id":"real-prewarm-test-runner","slot_id":"7014b39d-c1c2-4ea7-8fbd-1f319cf1c79f","model_name":"Qwen/Qwen2.5-VL-7B-Instruct","memory":41875931136,"time":"2025-08-14T13:58:05Z","message":"skipping warm slot, model name mismatch"}
{"level":"trace","model":"Qwen/Qwen2.5-VL-7B-Instruct","time":"2025-08-14T13:58:05Z","message":"using VLLM runtime for inference request"}
{"level":"trace","model":"Qwen/Qwen2.5-VL-7B-Instruct","time":"2025-08-14T13:58:05Z","message":"using VLLM runtime for inference request"}
{"level":"trace","runner_id":"real-prewarm-test-runner","slot_id":"7014b39d-c1c2-4ea7-8fbd-1f319cf1c79f","model_name":"Qwen/Qwen2.5-VL-7B-Instruct","memory":41875931136,"time":"2025-08-14T13:58:05Z","message":"skipping warm slot, not running yet"}
{"level":"trace","runner_id":"real-prewarm-test-runner","slot_id":"7014b39d-c1c2-4ea7-8fbd-1f319cf1c79f","model_name":"Qwen/Qwen2.5-VL-7B-Instruct","memory":41875931136,"time":"2025-08-14T13:58:05Z","message":"skipping warm slot, model name mismatch"}
{"level":"trace","runner_id":"real-prewarm-test-runner","slot_id":"7014b39d-c1c2-4ea7-8fbd-1f319cf1c79f","model_name":"Qwen/Qwen2.5-VL-7B-Instruct","memory":41875931136,"time":"2025-08-14T13:58:05Z","message":"skipping warm slot, model name mismatch"}
{"level":"trace","model":"Qwen/Qwen2.5-VL-7B-Instruct","time":"2025-08-14T13:58:05Z","message":"using VLLM runtime for inference request"}
{"level":"trace","model":"Qwen/Qwen2.5-VL-7B-Instruct","time":"2025-08-14T13:58:05Z","message":"using VLLM runtime for inference request"}
{"level":"trace","runner_id":"real-prewarm-test-runner","slot_id":"7014b39d-c1c2-4ea7-8fbd-1f319cf1c79f","model_name":"Qwen/Qwen2.5-VL-7B-Instruct","memory":41875931136,"time":"2025-08-14T13:58:05Z","message":"skipping warm slot, not running yet"}
{"level":"trace","runner_id":"real-prewarm-test-runner","slot_id":"7014b39d-c1c2-4ea7-8fbd-1f319cf1c79f","model_name":"Qwen/Qwen2.5-VL-7B-Instruct","memory":41875931136,"time":"2025-08-14T13:58:05Z","message":"skipping warm slot, model name mismatch"}
{"level":"trace","runner_id":"real-prewarm-test-runner","slot_id":"7014b39d-c1c2-4ea7-8fbd-1f319cf1c79f","model_name":"Qwen/Qwen2.5-VL-7B-Instruct","memory":41875931136,"time":"2025-08-14T13:58:05Z","message":"skipping warm slot, model name mismatch"}
{"level":"trace","model":"Qwen/Qwen2.5-VL-7B-Instruct","time":"2025-08-14T13:58:05Z","message":"using VLLM runtime for inference request"}
{"level":"trace","model":"Qwen/Qwen2.5-VL-7B-Instruct","time":"2025-08-14T13:58:05Z","message":"using VLLM runtime for inference request"}
{"level":"trace","runner_id":"real-prewarm-test-runner","slot_id":"7014b39d-c1c2-4ea7-8fbd-1f319cf1c79f","model_name":"Qwen/Qwen2.5-VL-7B-Instruct","memory":41875931136,"time":"2025-08-14T13:58:05Z","message":"skipping warm slot, not running yet"}
{"level":"trace","runner_id":"real-prewarm-test-runner","slot_id":"7014b39d-c1c2-4ea7-8fbd-1f319cf1c79f","model_name":"Qwen/Qwen2.5-VL-7B-Instruct","memory":41875931136,"time":"2025-08-14T13:58:05Z","message":"skipping warm slot, model name mismatch"}
{"level":"trace","runner_id":"real-prewarm-test-runner","slot_id":"7014b39d-c1c2-4ea7-8fbd-1f319cf1c79f","model_name":"Qwen/Qwen2.5-VL-7B-Instruct","memory":41875931136,"time":"2025-08-14T13:58:05Z","message":"skipping warm slot, model name mismatch"}
{"level":"trace","model":"Qwen/Qwen2.5-VL-7B-Instruct","time":"2025-08-14T13:58:05Z","message":"using VLLM runtime for inference request"}
{"level":"trace","model":"Qwen/Qwen2.5-VL-7B-Instruct","time":"2025-08-14T13:58:05Z","message":"using VLLM runtime for inference request"}
{"level":"trace","runner_id":"real-prewarm-test-runner","slot_id":"7014b39d-c1c2-4ea7-8fbd-1f319cf1c79f","model_name":"Qwen/Qwen2.5-VL-7B-Instruct","memory":41875931136,"time":"2025-08-14T13:58:05Z","message":"skipping warm slot, not running yet"}
{"level":"trace","runner_id":"real-prewarm-test-runner","slot_id":"7014b39d-c1c2-4ea7-8fbd-1f319cf1c79f","model_name":"Qwen/Qwen2.5-VL-7B-Instruct","memory":41875931136,"time":"2025-08-14T13:58:05Z","message":"skipping warm slot, model name mismatch"}
{"level":"trace","runner_id":"real-prewarm-test-runner","slot_id":"7014b39d-c1c2-4ea7-8fbd-1f319cf1c79f","model_name":"Qwen/Qwen2.5-VL-7B-Instruct","memory":41875931136,"time":"2025-08-14T13:58:05Z","message":"skipping warm slot, model name mismatch"}
{"level":"trace","model":"Qwen/Qwen2.5-VL-7B-Instruct","time":"2025-08-14T13:58:05Z","message":"using VLLM runtime for inference request"}
{"level":"trace","model":"Qwen/Qwen2.5-VL-7B-Instruct","time":"2025-08-14T13:58:05Z","message":"using VLLM runtime for inference request"}
{"level":"trace","runner_id":"real-prewarm-test-runner","slot_id":"7014b39d-c1c2-4ea7-8fbd-1f319cf1c79f","model_name":"Qwen/Qwen2.5-VL-7B-Instruct","memory":41875931136,"time":"2025-08-14T13:58:05Z","message":"skipping warm slot, not running yet"}
{"level":"trace","runner_id":"real-prewarm-test-runner","slot_id":"7014b39d-c1c2-4ea7-8fbd-1f319cf1c79f","model_name":"Qwen/Qwen2.5-VL-7B-Instruct","memory":41875931136,"time":"2025-08-14T13:58:05Z","message":"skipping warm slot, model name mismatch"}
{"level":"trace","runner_id":"real-prewarm-test-runner","slot_id":"7014b39d-c1c2-4ea7-8fbd-1f319cf1c79f","model_name":"Qwen/Qwen2.5-VL-7B-Instruct","memory":41875931136,"time":"2025-08-14T13:58:05Z","message":"skipping warm slot, model name mismatch"}
{"level":"trace","model":"Qwen/Qwen2.5-VL-7B-Instruct","time":"2025-08-14T13:58:05Z","message":"using VLLM runtime for inference request"}
{"level":"trace","model":"Qwen/Qwen2.5-VL-7B-Instruct","time":"2025-08-14T13:58:05Z","message":"using VLLM runtime for inference request"}
{"level":"trace","runner_id":"real-prewarm-test-runner","slot_id":"7014b39d-c1c2-4ea7-8fbd-1f319cf1c79f","model_name":"Qwen/Qwen2.5-VL-7B-Instruct","memory":41875931136,"time":"2025-08-14T13:58:05Z","message":"skipping warm slot, not running yet"}
{"level":"trace","runner_id":"real-prewarm-test-runner","slot_id":"7014b39d-c1c2-4ea7-8fbd-1f319cf1c79f","model_name":"Qwen/Qwen2.5-VL-7B-Instruct","memory":41875931136,"time":"2025-08-14T13:58:05Z","message":"skipping warm slot, model name mismatch"}
{"level":"trace","runner_id":"real-prewarm-test-runner","slot_id":"7014b39d-c1c2-4ea7-8fbd-1f319cf1c79f","model_name":"Qwen/Qwen2.5-VL-7B-Instruct","memory":41875931136,"time":"2025-08-14T13:58:05Z","message":"skipping warm slot, model name mismatch"}
{"level":"trace","model":"Qwen/Qwen2.5-VL-7B-Instruct","time":"2025-08-14T13:58:05Z","message":"using VLLM runtime for inference request"}
{"level":"trace","model":"Qwen/Qwen2.5-VL-7B-Instruct","time":"2025-08-14T13:58:05Z","message":"using VLLM runtime for inference request"}
{"level":"trace","runner_id":"real-prewarm-test-runner","slot_id":"7014b39d-c1c2-4ea7-8fbd-1f319cf1c79f","model_name":"Qwen/Qwen2.5-VL-7B-Instruct","memory":41875931136,"time":"2025-08-14T13:58:05Z","message":"skipping warm slot, not running yet"}
{"level":"trace","runner_id":"real-prewarm-test-runner","slot_id":"7014b39d-c1c2-4ea7-8fbd-1f319cf1c79f","model_name":"Qwen/Qwen2.5-VL-7B-Instruct","memory":41875931136,"time":"2025-08-14T13:58:05Z","message":"skipping warm slot, model name mismatch"}
{"level":"trace","runner_id":"real-prewarm-test-runner","slot_id":"7014b39d-c1c2-4ea7-8fbd-1f319cf1c79f","model_name":"Qwen/Qwen2.5-VL-7B-Instruct","memory":41875931136,"time":"2025-08-14T13:58:05Z","message":"skipping warm slot, model name mismatch"}
{"level":"trace","model":"Qwen/Qwen2.5-VL-7B-Instruct","time":"2025-08-14T13:58:05Z","message":"using VLLM runtime for inference request"}
{"level":"trace","model":"Qwen/Qwen2.5-VL-7B-Instruct","time":"2025-08-14T13:58:05Z","message":"using VLLM runtime for inference request"}
{"level":"trace","runner_id":"real-prewarm-test-runner","slot_id":"7014b39d-c1c2-4ea7-8fbd-1f319cf1c79f","model_name":"Qwen/Qwen2.5-VL-7B-Instruct","memory":41875931136,"time":"2025-08-14T13:58:05Z","message":"skipping warm slot, not running yet"}
{"level":"trace","runner_id":"real-prewarm-test-runner","slot_id":"7014b39d-c1c2-4ea7-8fbd-1f319cf1c79f","model_name":"Qwen/Qwen2.5-VL-7B-Instruct","memory":41875931136,"time":"2025-08-14T13:58:05Z","message":"skipping warm slot, model name mismatch"}
{"level":"trace","runner_id":"real-prewarm-test-runner","slot_id":"7014b39d-c1c2-4ea7-8fbd-1f319cf1c79f","model_name":"Qwen/Qwen2.5-VL-7B-Instruct","memory":41875931136,"time":"2025-08-14T13:58:05Z","message":"skipping warm slot, model name mismatch"}
{"level":"trace","model":"Qwen/Qwen2.5-VL-7B-Instruct","time":"2025-08-14T13:58:05Z","message":"using VLLM runtime for inference request"}
{"level":"trace","model":"Qwen/Qwen2.5-VL-7B-Instruct","time":"2025-08-14T13:58:05Z","message":"using VLLM runtime for inference request"}
{"level":"trace","runner_id":"real-prewarm-test-runner","slot_id":"7014b39d-c1c2-4ea7-8fbd-1f319cf1c79f","model_name":"Qwen/Qwen2.5-VL-7B-Instruct","memory":41875931136,"time":"2025-08-14T13:58:05Z","message":"skipping warm slot, not running yet"}
{"level":"trace","runner_id":"real-prewarm-test-runner","slot_id":"7014b39d-c1c2-4ea7-8fbd-1f319cf1c79f","model_name":"Qwen/Qwen2.5-VL-7B-Instruct","memory":41875931136,"time":"2025-08-14T13:58:05Z","message":"skipping warm slot, model name mismatch"}
{"level":"trace","runner_id":"real-prewarm-test-runner","slot_id":"7014b39d-c1c2-4ea7-8fbd-1f319cf1c79f","model_name":"Qwen/Qwen2.5-VL-7B-Instruct","memory":41875931136,"time":"2025-08-14T13:58:05Z","message":"skipping warm slot, model name mismatch"}
{"level":"trace","model":"Qwen/Qwen2.5-VL-7B-Instruct","time":"2025-08-14T13:58:05Z","message":"using VLLM runtime for inference request"}
{"level":"trace","model":"Qwen/Qwen2.5-VL-7B-Instruct","time":"2025-08-14T13:58:05Z","message":"using VLLM runtime for inference request"}
{"level":"trace","runner_id":"real-prewarm-test-runner","slot_id":"7014b39d-c1c2-4ea7-8fbd-1f319cf1c79f","model_name":"Qwen/Qwen2.5-VL-7B-Instruct","memory":41875931136,"time":"2025-08-14T13:58:05Z","message":"skipping warm slot, not running yet"}
{"level":"trace","runner_id":"real-prewarm-test-runner","slot_id":"7014b39d-c1c2-4ea7-8fbd-1f319cf1c79f","model_name":"Qwen/Qwen2.5-VL-7B-Instruct","memory":41875931136,"time":"2025-08-14T13:58:06Z","message":"skipping warm slot, model name mismatch"}
{"level":"trace","runner_id":"real-prewarm-test-runner","slot_id":"7014b39d-c1c2-4ea7-8fbd-1f319cf1c79f","model_name":"Qwen/Qwen2.5-VL-7B-Instruct","memory":41875931136,"time":"2025-08-14T13:58:06Z","message":"skipping warm slot, model name mismatch"}
{"level":"trace","model":"Qwen/Qwen2.5-VL-7B-Instruct","time":"2025-08-14T13:58:06Z","message":"using VLLM runtime for inference request"}
{"level":"trace","model":"Qwen/Qwen2.5-VL-7B-Instruct","time":"2025-08-14T13:58:06Z","message":"using VLLM runtime for inference request"}
{"level":"trace","runner_id":"real-prewarm-test-runner","slot_id":"7014b39d-c1c2-4ea7-8fbd-1f319cf1c79f","model_name":"Qwen/Qwen2.5-VL-7B-Instruct","memory":41875931136,"time":"2025-08-14T13:58:06Z","message":"skipping warm slot, not running yet"}
{"level":"trace","runner_id":"real-prewarm-test-runner","slot_id":"7014b39d-c1c2-4ea7-8fbd-1f319cf1c79f","model_name":"Qwen/Qwen2.5-VL-7B-Instruct","memory":41875931136,"time":"2025-08-14T13:58:06Z","message":"skipping warm slot, model name mismatch"}
{"level":"trace","runner_id":"real-prewarm-test-runner","slot_id":"7014b39d-c1c2-4ea7-8fbd-1f319cf1c79f","model_name":"Qwen/Qwen2.5-VL-7B-Instruct","memory":41875931136,"time":"2025-08-14T13:58:06Z","message":"skipping warm slot, model name mismatch"}
{"level":"trace","model":"Qwen/Qwen2.5-VL-7B-Instruct","time":"2025-08-14T13:58:06Z","message":"using VLLM runtime for inference request"}
{"level":"trace","model":"Qwen/Qwen2.5-VL-7B-Instruct","time":"2025-08-14T13:58:06Z","message":"using VLLM runtime for inference request"}
{"level":"trace","runner_id":"real-prewarm-test-runner","slot_id":"7014b39d-c1c2-4ea7-8fbd-1f319cf1c79f","model_name":"Qwen/Qwen2.5-VL-7B-Instruct","memory":41875931136,"time":"2025-08-14T13:58:06Z","message":"skipping warm slot, not running yet"}
{"level":"trace","runner_id":"real-prewarm-test-runner","slot_id":"7014b39d-c1c2-4ea7-8fbd-1f319cf1c79f","model_name":"Qwen/Qwen2.5-VL-7B-Instruct","memory":41875931136,"time":"2025-08-14T13:58:06Z","message":"skipping warm slot, model name mismatch"}
{"level":"trace","runner_id":"real-prewarm-test-runner","slot_id":"7014b39d-c1c2-4ea7-8fbd-1f319cf1c79f","model_name":"Qwen/Qwen2.5-VL-7B-Instruct","memory":41875931136,"time":"2025-08-14T13:58:06Z","message":"skipping warm slot, model name mismatch"}
{"level":"trace","model":"Qwen/Qwen2.5-VL-7B-Instruct","time":"2025-08-14T13:58:06Z","message":"using VLLM runtime for inference request"}
{"level":"trace","model":"Qwen/Qwen2.5-VL-7B-Instruct","time":"2025-08-14T13:58:06Z","message":"using VLLM runtime for inference request"}
{"level":"trace","runner_id":"real-prewarm-test-runner","slot_id":"7014b39d-c1c2-4ea7-8fbd-1f319cf1c79f","model_name":"Qwen/Qwen2.5-VL-7B-Instruct","memory":41875931136,"time":"2025-08-14T13:58:06Z","message":"skipping warm slot, not running yet"}
{"level":"trace","runner_id":"real-prewarm-test-runner","slot_id":"7014b39d-c1c2-4ea7-8fbd-1f319cf1c79f","model_name":"Qwen/Qwen2.5-VL-7B-Instruct","memory":41875931136,"time":"2025-08-14T13:58:06Z","message":"skipping warm slot, model name mismatch"}
{"level":"trace","runner_id":"real-prewarm-test-runner","slot_id":"7014b39d-c1c2-4ea7-8fbd-1f319cf1c79f","model_name":"Qwen/Qwen2.5-VL-7B-Instruct","memory":41875931136,"time":"2025-08-14T13:58:06Z","message":"skipping warm slot, model name mismatch"}
{"level":"trace","model":"Qwen/Qwen2.5-VL-7B-Instruct","time":"2025-08-14T13:58:06Z","message":"using VLLM runtime for inference request"}
{"level":"trace","model":"Qwen/Qwen2.5-VL-7B-Instruct","time":"2025-08-14T13:58:06Z","message":"using VLLM runtime for inference request"}
{"level":"trace","runner_id":"real-prewarm-test-runner","slot_id":"7014b39d-c1c2-4ea7-8fbd-1f319cf1c79f","model_name":"Qwen/Qwen2.5-VL-7B-Instruct","memory":41875931136,"time":"2025-08-14T13:58:06Z","message":"skipping warm slot, not running yet"}
{"level":"trace","runner_id":"real-prewarm-test-runner","slot_id":"7014b39d-c1c2-4ea7-8fbd-1f319cf1c79f","model_name":"Qwen/Qwen2.5-VL-7B-Instruct","memory":41875931136,"time":"2025-08-14T13:58:06Z","message":"skipping warm slot, model name mismatch"}
{"level":"trace","runner_id":"real-prewarm-test-runner","slot_id":"7014b39d-c1c2-4ea7-8fbd-1f319cf1c79f","model_name":"Qwen/Qwen2.5-VL-7B-Instruct","memory":41875931136,"time":"2025-08-14T13:58:06Z","message":"skipping warm slot, model name mismatch"}
{"level":"trace","model":"Qwen/Qwen2.5-VL-7B-Instruct","time":"2025-08-14T13:58:06Z","message":"using VLLM runtime for inference request"}
{"level":"trace","model":"Qwen/Qwen2.5-VL-7B-Instruct","time":"2025-08-14T13:58:06Z","message":"using VLLM runtime for inference request"}
{"level":"trace","runner_id":"real-prewarm-test-runner","slot_id":"7014b39d-c1c2-4ea7-8fbd-1f319cf1c79f","model_name":"Qwen/Qwen2.5-VL-7B-Instruct","memory":41875931136,"time":"2025-08-14T13:58:06Z","message":"skipping warm slot, not running yet"}
{"level":"trace","runner_id":"real-prewarm-test-runner","slot_id":"7014b39d-c1c2-4ea7-8fbd-1f319cf1c79f","model_name":"Qwen/Qwen2.5-VL-7B-Instruct","memory":41875931136,"time":"2025-08-14T13:58:06Z","message":"skipping warm slot, model name mismatch"}
{"level":"trace","runner_id":"real-prewarm-test-runner","slot_id":"7014b39d-c1c2-4ea7-8fbd-1f319cf1c79f","model_name":"Qwen/Qwen2.5-VL-7B-Instruct","memory":41875931136,"time":"2025-08-14T13:58:06Z","message":"skipping warm slot, model name mismatch"}
{"level":"trace","model":"Qwen/Qwen2.5-VL-7B-Instruct","time":"2025-08-14T13:58:06Z","message":"using VLLM runtime for inference request"}
{"level":"trace","model":"Qwen/Qwen2.5-VL-7B-Instruct","time":"2025-08-14T13:58:06Z","message":"using VLLM runtime for inference request"}
{"level":"trace","runner_id":"real-prewarm-test-runner","slot_id":"7014b39d-c1c2-4ea7-8fbd-1f319cf1c79f","model_name":"Qwen/Qwen2.5-VL-7B-Instruct","memory":41875931136,"time":"2025-08-14T13:58:06Z","message":"skipping warm slot, not running yet"}
{"level":"trace","runner_id":"real-prewarm-test-runner","slot_id":"7014b39d-c1c2-4ea7-8fbd-1f319cf1c79f","model_name":"Qwen/Qwen2.5-VL-7B-Instruct","memory":41875931136,"time":"2025-08-14T13:58:06Z","message":"skipping warm slot, model name mismatch"}
{"level":"trace","runner_id":"real-prewarm-test-runner","slot_id":"7014b39d-c1c2-4ea7-8fbd-1f319cf1c79f","model_name":"Qwen/Qwen2.5-VL-7B-Instruct","memory":41875931136,"time":"2025-08-14T13:58:06Z","message":"skipping warm slot, model name mismatch"}
{"level":"trace","model":"Qwen/Qwen2.5-VL-7B-Instruct","time":"2025-08-14T13:58:06Z","message":"using VLLM runtime for inference request"}
{"level":"trace","model":"Qwen/Qwen2.5-VL-7B-Instruct","time":"2025-08-14T13:58:06Z","message":"using VLLM runtime for inference request"}
{"level":"trace","runner_id":"real-prewarm-test-runner","slot_id":"7014b39d-c1c2-4ea7-8fbd-1f319cf1c79f","model_name":"Qwen/Qwen2.5-VL-7B-Instruct","memory":41875931136,"time":"2025-08-14T13:58:06Z","message":"skipping warm slot, not running yet"}
{"level":"trace","runner_id":"real-prewarm-test-runner","slot_id":"7014b39d-c1c2-4ea7-8fbd-1f319cf1c79f","model_name":"Qwen/Qwen2.5-VL-7B-Instruct","memory":41875931136,"time":"2025-08-14T13:58:06Z","message":"skipping warm slot, model name mismatch"}
{"level":"trace","runner_id":"real-prewarm-test-runner","slot_id":"7014b39d-c1c2-4ea7-8fbd-1f319cf1c79f","model_name":"Qwen/Qwen2.5-VL-7B-Instruct","memory":41875931136,"time":"2025-08-14T13:58:06Z","message":"skipping warm slot, model name mismatch"}
{"level":"trace","model":"Qwen/Qwen2.5-VL-7B-Instruct","time":"2025-08-14T13:58:06Z","message":"using VLLM runtime for inference request"}
{"level":"trace","model":"Qwen/Qwen2.5-VL-7B-Instruct","time":"2025-08-14T13:58:06Z","message":"using VLLM runtime for inference request"}
{"level":"trace","runner_id":"real-prewarm-test-runner","slot_id":"7014b39d-c1c2-4ea7-8fbd-1f319cf1c79f","model_name":"Qwen/Qwen2.5-VL-7B-Instruct","memory":41875931136,"time":"2025-08-14T13:58:06Z","message":"skipping warm slot, not running yet"}
{"level":"trace","runner_id":"real-prewarm-test-runner","slot_id":"7014b39d-c1c2-4ea7-8fbd-1f319cf1c79f","model_name":"Qwen/Qwen2.5-VL-7B-Instruct","memory":41875931136,"time":"2025-08-14T13:58:06Z","message":"skipping warm slot, model name mismatch"}
{"level":"trace","runner_id":"real-prewarm-test-runner","slot_id":"7014b39d-c1c2-4ea7-8fbd-1f319cf1c79f","model_name":"Qwen/Qwen2.5-VL-7B-Instruct","memory":41875931136,"time":"2025-08-14T13:58:06Z","message":"skipping warm slot, model name mismatch"}
{"level":"trace","model":"Qwen/Qwen2.5-VL-7B-Instruct","time":"2025-08-14T13:58:06Z","message":"using VLLM runtime for inference request"}
{"level":"trace","model":"Qwen/Qwen2.5-VL-7B-Instruct","time":"2025-08-14T13:58:06Z","message":"using VLLM runtime for inference request"}
{"level":"trace","runner_id":"real-prewarm-test-runner","slot_id":"7014b39d-c1c2-4ea7-8fbd-1f319cf1c79f","model_name":"Qwen/Qwen2.5-VL-7B-Instruct","memory":41875931136,"time":"2025-08-14T13:58:06Z","message":"skipping warm slot, not running yet"}
{"level":"trace","runner_id":"real-prewarm-test-runner","slot_id":"7014b39d-c1c2-4ea7-8fbd-1f319cf1c79f","model_name":"Qwen/Qwen2.5-VL-7B-Instruct","memory":41875931136,"time":"2025-08-14T13:58:06Z","message":"skipping warm slot, model name mismatch"}
{"level":"trace","runner_id":"real-prewarm-test-runner","slot_id":"7014b39d-c1c2-4ea7-8fbd-1f319cf1c79f","model_name":"Qwen/Qwen2.5-VL-7B-Instruct","memory":41875931136,"time":"2025-08-14T13:58:06Z","message":"skipping warm slot, model name mismatch"}
{"level":"trace","model":"Qwen/Qwen2.5-VL-7B-Instruct","time":"2025-08-14T13:58:06Z","message":"using VLLM runtime for inference request"}
{"level":"trace","model":"Qwen/Qwen2.5-VL-7B-Instruct","time":"2025-08-14T13:58:06Z","message":"using VLLM runtime for inference request"}
{"level":"trace","runner_id":"real-prewarm-test-runner","slot_id":"7014b39d-c1c2-4ea7-8fbd-1f319cf1c79f","model_name":"Qwen/Qwen2.5-VL-7B-Instruct","memory":41875931136,"time":"2025-08-14T13:58:06Z","message":"skipping warm slot, not running yet"}
{"level":"trace","runner_id":"real-prewarm-test-runner","slot_id":"7014b39d-c1c2-4ea7-8fbd-1f319cf1c79f","model_name":"Qwen/Qwen2.5-VL-7B-Instruct","memory":41875931136,"time":"2025-08-14T13:58:07Z","message":"skipping warm slot, model name mismatch"}
{"level":"trace","runner_id":"real-prewarm-test-runner","slot_id":"7014b39d-c1c2-4ea7-8fbd-1f319cf1c79f","model_name":"Qwen/Qwen2.5-VL-7B-Instruct","memory":41875931136,"time":"2025-08-14T13:58:07Z","message":"skipping warm slot, model name mismatch"}
{"level":"trace","model":"Qwen/Qwen2.5-VL-7B-Instruct","time":"2025-08-14T13:58:07Z","message":"using VLLM runtime for inference request"}
{"level":"trace","model":"Qwen/Qwen2.5-VL-7B-Instruct","time":"2025-08-14T13:58:07Z","message":"using VLLM runtime for inference request"}
{"level":"trace","runner_id":"real-prewarm-test-runner","slot_id":"7014b39d-c1c2-4ea7-8fbd-1f319cf1c79f","model_name":"Qwen/Qwen2.5-VL-7B-Instruct","memory":41875931136,"time":"2025-08-14T13:58:07Z","message":"skipping warm slot, not running yet"}
{"level":"trace","runner_id":"real-prewarm-test-runner","slot_id":"7014b39d-c1c2-4ea7-8fbd-1f319cf1c79f","model_name":"Qwen/Qwen2.5-VL-7B-Instruct","memory":41875931136,"time":"2025-08-14T13:58:07Z","message":"skipping warm slot, model name mismatch"}
{"level":"trace","runner_id":"real-prewarm-test-runner","slot_id":"7014b39d-c1c2-4ea7-8fbd-1f319cf1c79f","model_name":"Qwen/Qwen2.5-VL-7B-Instruct","memory":41875931136,"time":"2025-08-14T13:58:07Z","message":"skipping warm slot, model name mismatch"}
{"level":"trace","model":"Qwen/Qwen2.5-VL-7B-Instruct","time":"2025-08-14T13:58:07Z","message":"using VLLM runtime for inference request"}
{"level":"trace","model":"Qwen/Qwen2.5-VL-7B-Instruct","time":"2025-08-14T13:58:07Z","message":"using VLLM runtime for inference request"}
{"level":"trace","runner_id":"real-prewarm-test-runner","slot_id":"7014b39d-c1c2-4ea7-8fbd-1f319cf1c79f","model_name":"Qwen/Qwen2.5-VL-7B-Instruct","memory":41875931136,"time":"2025-08-14T13:58:07Z","message":"skipping warm slot, not running yet"}
{"level":"trace","runner_id":"real-prewarm-test-runner","slot_id":"7014b39d-c1c2-4ea7-8fbd-1f319cf1c79f","model_name":"Qwen/Qwen2.5-VL-7B-Instruct","memory":41875931136,"time":"2025-08-14T13:58:07Z","message":"skipping warm slot, model name mismatch"}
{"level":"trace","runner_id":"real-prewarm-test-runner","slot_id":"7014b39d-c1c2-4ea7-8fbd-1f319cf1c79f","model_name":"Qwen/Qwen2.5-VL-7B-Instruct","memory":41875931136,"time":"2025-08-14T13:58:07Z","message":"skipping warm slot, model name mismatch"}
{"level":"trace","model":"Qwen/Qwen2.5-VL-7B-Instruct","time":"2025-08-14T13:58:07Z","message":"using VLLM runtime for inference request"}
{"level":"trace","model":"Qwen/Qwen2.5-VL-7B-Instruct","time":"2025-08-14T13:58:07Z","message":"using VLLM runtime for inference request"}
{"level":"trace","runner_id":"real-prewarm-test-runner","slot_id":"7014b39d-c1c2-4ea7-8fbd-1f319cf1c79f","model_name":"Qwen/Qwen2.5-VL-7B-Instruct","memory":41875931136,"time":"2025-08-14T13:58:07Z","message":"skipping warm slot, not running yet"}
{"level":"trace","runner_id":"real-prewarm-test-runner","slot_id":"7014b39d-c1c2-4ea7-8fbd-1f319cf1c79f","model_name":"Qwen/Qwen2.5-VL-7B-Instruct","memory":41875931136,"time":"2025-08-14T13:58:07Z","message":"skipping warm slot, model name mismatch"}
{"level":"trace","runner_id":"real-prewarm-test-runner","slot_id":"7014b39d-c1c2-4ea7-8fbd-1f319cf1c79f","model_name":"Qwen/Qwen2.5-VL-7B-Instruct","memory":41875931136,"time":"2025-08-14T13:58:07Z","message":"skipping warm slot, model name mismatch"}
{"level":"trace","model":"Qwen/Qwen2.5-VL-7B-Instruct","time":"2025-08-14T13:58:07Z","message":"using VLLM runtime for inference request"}
{"level":"trace","model":"Qwen/Qwen2.5-VL-7B-Instruct","time":"2025-08-14T13:58:07Z","message":"using VLLM runtime for inference request"}
{"level":"trace","runner_id":"real-prewarm-test-runner","slot_id":"7014b39d-c1c2-4ea7-8fbd-1f319cf1c79f","model_name":"Qwen/Qwen2.5-VL-7B-Instruct","memory":41875931136,"time":"2025-08-14T13:58:07Z","message":"skipping warm slot, not running yet"}
{"level":"trace","runner_id":"real-prewarm-test-runner","slot_id":"7014b39d-c1c2-4ea7-8fbd-1f319cf1c79f","model_name":"Qwen/Qwen2.5-VL-7B-Instruct","memory":41875931136,"time":"2025-08-14T13:58:07Z","message":"skipping warm slot, model name mismatch"}
{"level":"trace","runner_id":"real-prewarm-test-runner","slot_id":"7014b39d-c1c2-4ea7-8fbd-1f319cf1c79f","model_name":"Qwen/Qwen2.5-VL-7B-Instruct","memory":41875931136,"time":"2025-08-14T13:58:07Z","message":"skipping warm slot, model name mismatch"}
{"level":"trace","model":"Qwen/Qwen2.5-VL-7B-Instruct","time":"2025-08-14T13:58:07Z","message":"using VLLM runtime for inference request"}
{"level":"trace","model":"Qwen/Qwen2.5-VL-7B-Instruct","time":"2025-08-14T13:58:07Z","message":"using VLLM runtime for inference request"}
{"level":"trace","runner_id":"real-prewarm-test-runner","slot_id":"7014b39d-c1c2-4ea7-8fbd-1f319cf1c79f","model_name":"Qwen/Qwen2.5-VL-7B-Instruct","memory":41875931136,"time":"2025-08-14T13:58:07Z","message":"skipping warm slot, not running yet"}
{"level":"trace","runner_id":"real-prewarm-test-runner","slot_id":"7014b39d-c1c2-4ea7-8fbd-1f319cf1c79f","model_name":"Qwen/Qwen2.5-VL-7B-Instruct","memory":41875931136,"time":"2025-08-14T13:58:07Z","message":"skipping warm slot, model name mismatch"}
{"level":"trace","runner_id":"real-prewarm-test-runner","slot_id":"7014b39d-c1c2-4ea7-8fbd-1f319cf1c79f","model_name":"Qwen/Qwen2.5-VL-7B-Instruct","memory":41875931136,"time":"2025-08-14T13:58:07Z","message":"skipping warm slot, model name mismatch"}
{"level":"trace","model":"Qwen/Qwen2.5-VL-7B-Instruct","time":"2025-08-14T13:58:07Z","message":"using VLLM runtime for inference request"}
{"level":"trace","model":"Qwen/Qwen2.5-VL-7B-Instruct","time":"2025-08-14T13:58:07Z","message":"using VLLM runtime for inference request"}
{"level":"trace","runner_id":"real-prewarm-test-runner","slot_id":"7014b39d-c1c2-4ea7-8fbd-1f319cf1c79f","model_name":"Qwen/Qwen2.5-VL-7B-Instruct","memory":41875931136,"time":"2025-08-14T13:58:07Z","message":"skipping warm slot, not running yet"}
{"level":"trace","runner_id":"real-prewarm-test-runner","slot_id":"7014b39d-c1c2-4ea7-8fbd-1f319cf1c79f","model_name":"Qwen/Qwen2.5-VL-7B-Instruct","memory":41875931136,"time":"2025-08-14T13:58:07Z","message":"skipping warm slot, model name mismatch"}
{"level":"trace","runner_id":"real-prewarm-test-runner","slot_id":"7014b39d-c1c2-4ea7-8fbd-1f319cf1c79f","model_name":"Qwen/Qwen2.5-VL-7B-Instruct","memory":41875931136,"time":"2025-08-14T13:58:07Z","message":"skipping warm slot, model name mismatch"}
{"level":"trace","model":"Qwen/Qwen2.5-VL-7B-Instruct","time":"2025-08-14T13:58:07Z","message":"using VLLM runtime for inference request"}
{"level":"trace","model":"Qwen/Qwen2.5-VL-7B-Instruct","time":"2025-08-14T13:58:07Z","message":"using VLLM runtime for inference request"}
{"level":"trace","runner_id":"real-prewarm-test-runner","slot_id":"7014b39d-c1c2-4ea7-8fbd-1f319cf1c79f","model_name":"Qwen/Qwen2.5-VL-7B-Instruct","memory":41875931136,"time":"2025-08-14T13:58:07Z","message":"skipping warm slot, not running yet"}
{"level":"trace","runner_id":"real-prewarm-test-runner","slot_id":"7014b39d-c1c2-4ea7-8fbd-1f319cf1c79f","model_name":"Qwen/Qwen2.5-VL-7B-Instruct","memory":41875931136,"time":"2025-08-14T13:58:07Z","message":"skipping warm slot, model name mismatch"}
{"level":"trace","runner_id":"real-prewarm-test-runner","slot_id":"7014b39d-c1c2-4ea7-8fbd-1f319cf1c79f","model_name":"Qwen/Qwen2.5-VL-7B-Instruct","memory":41875931136,"time":"2025-08-14T13:58:07Z","message":"skipping warm slot, model name mismatch"}
{"level":"trace","model":"Qwen/Qwen2.5-VL-7B-Instruct","time":"2025-08-14T13:58:07Z","message":"using VLLM runtime for inference request"}
{"level":"trace","model":"Qwen/Qwen2.5-VL-7B-Instruct","time":"2025-08-14T13:58:07Z","message":"using VLLM runtime for inference request"}
{"level":"trace","runner_id":"real-prewarm-test-runner","slot_id":"7014b39d-c1c2-4ea7-8fbd-1f319cf1c79f","model_name":"Qwen/Qwen2.5-VL-7B-Instruct","memory":41875931136,"time":"2025-08-14T13:58:07Z","message":"skipping warm slot, not running yet"}
{"level":"trace","runner_id":"real-prewarm-test-runner","slot_id":"7014b39d-c1c2-4ea7-8fbd-1f319cf1c79f","model_name":"Qwen/Qwen2.5-VL-7B-Instruct","memory":41875931136,"time":"2025-08-14T13:58:07Z","message":"skipping warm slot, model name mismatch"}
{"level":"trace","runner_id":"real-prewarm-test-runner","slot_id":"7014b39d-c1c2-4ea7-8fbd-1f319cf1c79f","model_name":"Qwen/Qwen2.5-VL-7B-Instruct","memory":41875931136,"time":"2025-08-14T13:58:07Z","message":"skipping warm slot, model name mismatch"}
{"level":"trace","model":"Qwen/Qwen2.5-VL-7B-Instruct","time":"2025-08-14T13:58:07Z","message":"using VLLM runtime for inference request"}
{"level":"trace","model":"Qwen/Qwen2.5-VL-7B-Instruct","time":"2025-08-14T13:58:07Z","message":"using VLLM runtime for inference request"}
{"level":"trace","runner_id":"real-prewarm-test-runner","slot_id":"7014b39d-c1c2-4ea7-8fbd-1f319cf1c79f","model_name":"Qwen/Qwen2.5-VL-7B-Instruct","memory":41875931136,"time":"2025-08-14T13:58:07Z","message":"skipping warm slot, not running yet"}
{"level":"trace","runner_id":"real-prewarm-test-runner","slot_id":"7014b39d-c1c2-4ea7-8fbd-1f319cf1c79f","model_name":"Qwen/Qwen2.5-VL-7B-Instruct","memory":41875931136,"time":"2025-08-14T13:58:07Z","message":"skipping warm slot, model name mismatch"}
{"level":"trace","runner_id":"real-prewarm-test-runner","slot_id":"7014b39d-c1c2-4ea7-8fbd-1f319cf1c79f","model_name":"Qwen/Qwen2.5-VL-7B-Instruct","memory":41875931136,"time":"2025-08-14T13:58:07Z","message":"skipping warm slot, model name mismatch"}
{"level":"trace","model":"Qwen/Qwen2.5-VL-7B-Instruct","time":"2025-08-14T13:58:07Z","message":"using VLLM runtime for inference request"}
{"level":"trace","model":"Qwen/Qwen2.5-VL-7B-Instruct","time":"2025-08-14T13:58:07Z","message":"using VLLM runtime for inference request"}
{"level":"trace","runner_id":"real-prewarm-test-runner","slot_id":"7014b39d-c1c2-4ea7-8fbd-1f319cf1c79f","model_name":"Qwen/Qwen2.5-VL-7B-Instruct","memory":41875931136,"time":"2025-08-14T13:58:07Z","message":"skipping warm slot, not running yet"}
{"level":"trace","runner_id":"real-prewarm-test-runner","slot_id":"7014b39d-c1c2-4ea7-8fbd-1f319cf1c79f","model_name":"Qwen/Qwen2.5-VL-7B-Instruct","memory":41875931136,"time":"2025-08-14T13:58:08Z","message":"skipping warm slot, model name mismatch"}
{"level":"trace","runner_id":"real-prewarm-test-runner","slot_id":"7014b39d-c1c2-4ea7-8fbd-1f319cf1c79f","model_name":"Qwen/Qwen2.5-VL-7B-Instruct","memory":41875931136,"time":"2025-08-14T13:58:08Z","message":"skipping warm slot, model name mismatch"}
{"level":"trace","model":"Qwen/Qwen2.5-VL-7B-Instruct","time":"2025-08-14T13:58:08Z","message":"using VLLM runtime for inference request"}
{"level":"trace","model":"Qwen/Qwen2.5-VL-7B-Instruct","time":"2025-08-14T13:58:08Z","message":"using VLLM runtime for inference request"}
{"level":"trace","runner_id":"real-prewarm-test-runner","slot_id":"7014b39d-c1c2-4ea7-8fbd-1f319cf1c79f","model_name":"Qwen/Qwen2.5-VL-7B-Instruct","memory":41875931136,"time":"2025-08-14T13:58:08Z","message":"skipping warm slot, not running yet"}
{"level":"trace","runner_id":"real-prewarm-test-runner","slot_id":"7014b39d-c1c2-4ea7-8fbd-1f319cf1c79f","model_name":"Qwen/Qwen2.5-VL-7B-Instruct","memory":41875931136,"time":"2025-08-14T13:58:08Z","message":"skipping warm slot, model name mismatch"}
{"level":"trace","runner_id":"real-prewarm-test-runner","slot_id":"7014b39d-c1c2-4ea7-8fbd-1f319cf1c79f","model_name":"Qwen/Qwen2.5-VL-7B-Instruct","memory":41875931136,"time":"2025-08-14T13:58:08Z","message":"skipping warm slot, model name mismatch"}
{"level":"trace","model":"Qwen/Qwen2.5-VL-7B-Instruct","time":"2025-08-14T13:58:08Z","message":"using VLLM runtime for inference request"}
{"level":"trace","model":"Qwen/Qwen2.5-VL-7B-Instruct","time":"2025-08-14T13:58:08Z","message":"using VLLM runtime for inference request"}
{"level":"trace","runner_id":"real-prewarm-test-runner","slot_id":"7014b39d-c1c2-4ea7-8fbd-1f319cf1c79f","model_name":"Qwen/Qwen2.5-VL-7B-Instruct","memory":41875931136,"time":"2025-08-14T13:58:08Z","message":"skipping warm slot, not running yet"}
{"level":"trace","runner_id":"real-prewarm-test-runner","slot_id":"7014b39d-c1c2-4ea7-8fbd-1f319cf1c79f","model_name":"Qwen/Qwen2.5-VL-7B-Instruct","memory":41875931136,"time":"2025-08-14T13:58:08Z","message":"skipping warm slot, model name mismatch"}
{"level":"trace","runner_id":"real-prewarm-test-runner","slot_id":"7014b39d-c1c2-4ea7-8fbd-1f319cf1c79f","model_name":"Qwen/Qwen2.5-VL-7B-Instruct","memory":41875931136,"time":"2025-08-14T13:58:08Z","message":"skipping warm slot, model name mismatch"}
{"level":"trace","model":"Qwen/Qwen2.5-VL-7B-Instruct","time":"2025-08-14T13:58:08Z","message":"using VLLM runtime for inference request"}
{"level":"trace","model":"Qwen/Qwen2.5-VL-7B-Instruct","time":"2025-08-14T13:58:08Z","message":"using VLLM runtime for inference request"}
{"level":"trace","runner_id":"real-prewarm-test-runner","slot_id":"7014b39d-c1c2-4ea7-8fbd-1f319cf1c79f","model_name":"Qwen/Qwen2.5-VL-7B-Instruct","memory":41875931136,"time":"2025-08-14T13:58:08Z","message":"skipping warm slot, not running yet"}
{"level":"trace","runner_id":"real-prewarm-test-runner","slot_id":"7014b39d-c1c2-4ea7-8fbd-1f319cf1c79f","model_name":"Qwen/Qwen2.5-VL-7B-Instruct","memory":41875931136,"time":"2025-08-14T13:58:08Z","message":"skipping warm slot, model name mismatch"}
{"level":"trace","runner_id":"real-prewarm-test-runner","slot_id":"7014b39d-c1c2-4ea7-8fbd-1f319cf1c79f","model_name":"Qwen/Qwen2.5-VL-7B-Instruct","memory":41875931136,"time":"2025-08-14T13:58:08Z","message":"skipping warm slot, model name mismatch"}
{"level":"trace","model":"Qwen/Qwen2.5-VL-7B-Instruct","time":"2025-08-14T13:58:08Z","message":"using VLLM runtime for inference request"}
{"level":"trace","model":"Qwen/Qwen2.5-VL-7B-Instruct","time":"2025-08-14T13:58:08Z","message":"using VLLM runtime for inference request"}
{"level":"trace","runner_id":"real-prewarm-test-runner","slot_id":"7014b39d-c1c2-4ea7-8fbd-1f319cf1c79f","model_name":"Qwen/Qwen2.5-VL-7B-Instruct","memory":41875931136,"time":"2025-08-14T13:58:08Z","message":"skipping warm slot, not running yet"}
{"level":"trace","runner_id":"real-prewarm-test-runner","slot_id":"7014b39d-c1c2-4ea7-8fbd-1f319cf1c79f","model_name":"Qwen/Qwen2.5-VL-7B-Instruct","memory":41875931136,"time":"2025-08-14T13:58:08Z","message":"skipping warm slot, model name mismatch"}
{"level":"trace","runner_id":"real-prewarm-test-runner","slot_id":"7014b39d-c1c2-4ea7-8fbd-1f319cf1c79f","model_name":"Qwen/Qwen2.5-VL-7B-Instruct","memory":41875931136,"time":"2025-08-14T13:58:08Z","message":"skipping warm slot, model name mismatch"}
{"level":"trace","model":"Qwen/Qwen2.5-VL-7B-Instruct","time":"2025-08-14T13:58:08Z","message":"using VLLM runtime for inference request"}
{"level":"trace","model":"Qwen/Qwen2.5-VL-7B-Instruct","time":"2025-08-14T13:58:08Z","message":"using VLLM runtime for inference request"}
{"level":"trace","runner_id":"real-prewarm-test-runner","slot_id":"7014b39d-c1c2-4ea7-8fbd-1f319cf1c79f","model_name":"Qwen/Qwen2.5-VL-7B-Instruct","memory":41875931136,"time":"2025-08-14T13:58:08Z","message":"skipping warm slot, not running yet"}
{"level":"trace","runner_id":"real-prewarm-test-runner","slot_id":"7014b39d-c1c2-4ea7-8fbd-1f319cf1c79f","model_name":"Qwen/Qwen2.5-VL-7B-Instruct","memory":41875931136,"time":"2025-08-14T13:58:08Z","message":"skipping warm slot, model name mismatch"}
{"level":"trace","runner_id":"real-prewarm-test-runner","slot_id":"7014b39d-c1c2-4ea7-8fbd-1f319cf1c79f","model_name":"Qwen/Qwen2.5-VL-7B-Instruct","memory":41875931136,"time":"2025-08-14T13:58:08Z","message":"skipping warm slot, model name mismatch"}
{"level":"trace","model":"Qwen/Qwen2.5-VL-7B-Instruct","time":"2025-08-14T13:58:08Z","message":"using VLLM runtime for inference request"}
{"level":"trace","model":"Qwen/Qwen2.5-VL-7B-Instruct","time":"2025-08-14T13:58:08Z","message":"using VLLM runtime for inference request"}
{"level":"trace","runner_id":"real-prewarm-test-runner","slot_id":"7014b39d-c1c2-4ea7-8fbd-1f319cf1c79f","model_name":"Qwen/Qwen2.5-VL-7B-Instruct","memory":41875931136,"time":"2025-08-14T13:58:08Z","message":"skipping warm slot, not running yet"}
{"level":"trace","runner_id":"real-prewarm-test-runner","slot_id":"7014b39d-c1c2-4ea7-8fbd-1f319cf1c79f","model_name":"Qwen/Qwen2.5-VL-7B-Instruct","memory":41875931136,"time":"2025-08-14T13:58:08Z","message":"skipping warm slot, model name mismatch"}
{"level":"trace","runner_id":"real-prewarm-test-runner","slot_id":"7014b39d-c1c2-4ea7-8fbd-1f319cf1c79f","model_name":"Qwen/Qwen2.5-VL-7B-Instruct","memory":41875931136,"time":"2025-08-14T13:58:08Z","message":"skipping warm slot, model name mismatch"}
{"level":"trace","model":"Qwen/Qwen2.5-VL-7B-Instruct","time":"2025-08-14T13:58:08Z","message":"using VLLM runtime for inference request"}
{"level":"trace","model":"Qwen/Qwen2.5-VL-7B-Instruct","time":"2025-08-14T13:58:08Z","message":"using VLLM runtime for inference request"}
{"level":"trace","runner_id":"real-prewarm-test-runner","slot_id":"7014b39d-c1c2-4ea7-8fbd-1f319cf1c79f","model_name":"Qwen/Qwen2.5-VL-7B-Instruct","memory":41875931136,"time":"2025-08-14T13:58:08Z","message":"skipping warm slot, not running yet"}
{"level":"trace","runner_id":"real-prewarm-test-runner","slot_id":"7014b39d-c1c2-4ea7-8fbd-1f319cf1c79f","model_name":"Qwen/Qwen2.5-VL-7B-Instruct","memory":41875931136,"time":"2025-08-14T13:58:08Z","message":"skipping warm slot, model name mismatch"}
{"level":"trace","runner_id":"real-prewarm-test-runner","slot_id":"7014b39d-c1c2-4ea7-8fbd-1f319cf1c79f","model_name":"Qwen/Qwen2.5-VL-7B-Instruct","memory":41875931136,"time":"2025-08-14T13:58:08Z","message":"skipping warm slot, model name mismatch"}
{"level":"trace","model":"Qwen/Qwen2.5-VL-7B-Instruct","time":"2025-08-14T13:58:08Z","message":"using VLLM runtime for inference request"}
{"level":"trace","model":"Qwen/Qwen2.5-VL-7B-Instruct","time":"2025-08-14T13:58:08Z","message":"using VLLM runtime for inference request"}
{"level":"trace","runner_id":"real-prewarm-test-runner","slot_id":"7014b39d-c1c2-4ea7-8fbd-1f319cf1c79f","model_name":"Qwen/Qwen2.5-VL-7B-Instruct","memory":41875931136,"time":"2025-08-14T13:58:08Z","message":"skipping warm slot, not running yet"}
{"level":"trace","runner_id":"real-prewarm-test-runner","slot_id":"7014b39d-c1c2-4ea7-8fbd-1f319cf1c79f","model_name":"Qwen/Qwen2.5-VL-7B-Instruct","memory":41875931136,"time":"2025-08-14T13:58:08Z","message":"skipping warm slot, model name mismatch"}
{"level":"trace","runner_id":"real-prewarm-test-runner","slot_id":"7014b39d-c1c2-4ea7-8fbd-1f319cf1c79f","model_name":"Qwen/Qwen2.5-VL-7B-Instruct","memory":41875931136,"time":"2025-08-14T13:58:08Z","message":"skipping warm slot, model name mismatch"}
{"level":"trace","model":"Qwen/Qwen2.5-VL-7B-Instruct","time":"2025-08-14T13:58:08Z","message":"using VLLM runtime for inference request"}
{"level":"trace","model":"Qwen/Qwen2.5-VL-7B-Instruct","time":"2025-08-14T13:58:08Z","message":"using VLLM runtime for inference request"}
{"level":"trace","runner_id":"real-prewarm-test-runner","slot_id":"7014b39d-c1c2-4ea7-8fbd-1f319cf1c79f","model_name":"Qwen/Qwen2.5-VL-7B-Instruct","memory":41875931136,"time":"2025-08-14T13:58:08Z","message":"skipping warm slot, not running yet"}
{"level":"trace","runner_id":"real-prewarm-test-runner","slot_id":"7014b39d-c1c2-4ea7-8fbd-1f319cf1c79f","model_name":"Qwen/Qwen2.5-VL-7B-Instruct","memory":41875931136,"time":"2025-08-14T13:58:08Z","message":"skipping warm slot, model name mismatch"}
{"level":"trace","runner_id":"real-prewarm-test-runner","slot_id":"7014b39d-c1c2-4ea7-8fbd-1f319cf1c79f","model_name":"Qwen/Qwen2.5-VL-7B-Instruct","memory":41875931136,"time":"2025-08-14T13:58:08Z","message":"skipping warm slot, model name mismatch"}
{"level":"trace","model":"Qwen/Qwen2.5-VL-7B-Instruct","time":"2025-08-14T13:58:08Z","message":"using VLLM runtime for inference request"}
{"level":"trace","model":"Qwen/Qwen2.5-VL-7B-Instruct","time":"2025-08-14T13:58:08Z","message":"using VLLM runtime for inference request"}
{"level":"trace","runner_id":"real-prewarm-test-runner","slot_id":"7014b39d-c1c2-4ea7-8fbd-1f319cf1c79f","model_name":"Qwen/Qwen2.5-VL-7B-Instruct","memory":41875931136,"time":"2025-08-14T13:58:08Z","message":"skipping warm slot, not running yet"}
{"level":"trace","runner_id":"real-prewarm-test-runner","slot_id":"7014b39d-c1c2-4ea7-8fbd-1f319cf1c79f","model_name":"Qwen/Qwen2.5-VL-7B-Instruct","memory":41875931136,"time":"2025-08-14T13:58:09Z","message":"skipping warm slot, model name mismatch"}
{"level":"trace","runner_id":"real-prewarm-test-runner","slot_id":"7014b39d-c1c2-4ea7-8fbd-1f319cf1c79f","model_name":"Qwen/Qwen2.5-VL-7B-Instruct","memory":41875931136,"time":"2025-08-14T13:58:09Z","message":"skipping warm slot, model name mismatch"}
{"level":"trace","model":"Qwen/Qwen2.5-VL-7B-Instruct","time":"2025-08-14T13:58:09Z","message":"using VLLM runtime for inference request"}
{"level":"trace","model":"Qwen/Qwen2.5-VL-7B-Instruct","time":"2025-08-14T13:58:09Z","message":"using VLLM runtime for inference request"}
{"level":"trace","runner_id":"real-prewarm-test-runner","slot_id":"7014b39d-c1c2-4ea7-8fbd-1f319cf1c79f","model_name":"Qwen/Qwen2.5-VL-7B-Instruct","memory":41875931136,"time":"2025-08-14T13:58:09Z","message":"skipping warm slot, not running yet"}
{"level":"trace","runner_id":"real-prewarm-test-runner","slot_id":"7014b39d-c1c2-4ea7-8fbd-1f319cf1c79f","model_name":"Qwen/Qwen2.5-VL-7B-Instruct","memory":41875931136,"time":"2025-08-14T13:58:09Z","message":"skipping warm slot, model name mismatch"}
{"level":"trace","runner_id":"real-prewarm-test-runner","slot_id":"7014b39d-c1c2-4ea7-8fbd-1f319cf1c79f","model_name":"Qwen/Qwen2.5-VL-7B-Instruct","memory":41875931136,"time":"2025-08-14T13:58:09Z","message":"skipping warm slot, model name mismatch"}
{"level":"trace","model":"Qwen/Qwen2.5-VL-7B-Instruct","time":"2025-08-14T13:58:09Z","message":"using VLLM runtime for inference request"}
{"level":"trace","model":"Qwen/Qwen2.5-VL-7B-Instruct","time":"2025-08-14T13:58:09Z","message":"using VLLM runtime for inference request"}
{"level":"trace","runner_id":"real-prewarm-test-runner","slot_id":"7014b39d-c1c2-4ea7-8fbd-1f319cf1c79f","model_name":"Qwen/Qwen2.5-VL-7B-Instruct","memory":41875931136,"time":"2025-08-14T13:58:09Z","message":"skipping warm slot, not running yet"}
{"level":"trace","runner_id":"real-prewarm-test-runner","slot_id":"7014b39d-c1c2-4ea7-8fbd-1f319cf1c79f","model_name":"Qwen/Qwen2.5-VL-7B-Instruct","memory":41875931136,"time":"2025-08-14T13:58:09Z","message":"skipping warm slot, model name mismatch"}
{"level":"trace","runner_id":"real-prewarm-test-runner","slot_id":"7014b39d-c1c2-4ea7-8fbd-1f319cf1c79f","model_name":"Qwen/Qwen2.5-VL-7B-Instruct","memory":41875931136,"time":"2025-08-14T13:58:09Z","message":"skipping warm slot, model name mismatch"}
{"level":"trace","model":"Qwen/Qwen2.5-VL-7B-Instruct","time":"2025-08-14T13:58:09Z","message":"using VLLM runtime for inference request"}
{"level":"trace","model":"Qwen/Qwen2.5-VL-7B-Instruct","time":"2025-08-14T13:58:09Z","message":"using VLLM runtime for inference request"}
{"level":"trace","runner_id":"real-prewarm-test-runner","slot_id":"7014b39d-c1c2-4ea7-8fbd-1f319cf1c79f","model_name":"Qwen/Qwen2.5-VL-7B-Instruct","memory":41875931136,"time":"2025-08-14T13:58:09Z","message":"skipping warm slot, not running yet"}
{"level":"trace","runner_id":"real-prewarm-test-runner","slot_id":"7014b39d-c1c2-4ea7-8fbd-1f319cf1c79f","model_name":"Qwen/Qwen2.5-VL-7B-Instruct","memory":41875931136,"time":"2025-08-14T13:58:09Z","message":"skipping warm slot, model name mismatch"}
{"level":"trace","runner_id":"real-prewarm-test-runner","slot_id":"7014b39d-c1c2-4ea7-8fbd-1f319cf1c79f","model_name":"Qwen/Qwen2.5-VL-7B-Instruct","memory":41875931136,"time":"2025-08-14T13:58:09Z","message":"skipping warm slot, model name mismatch"}
{"level":"trace","model":"Qwen/Qwen2.5-VL-7B-Instruct","time":"2025-08-14T13:58:09Z","message":"using VLLM runtime for inference request"}
{"level":"trace","model":"Qwen/Qwen2.5-VL-7B-Instruct","time":"2025-08-14T13:58:09Z","message":"using VLLM runtime for inference request"}
{"level":"trace","runner_id":"real-prewarm-test-runner","slot_id":"7014b39d-c1c2-4ea7-8fbd-1f319cf1c79f","model_name":"Qwen/Qwen2.5-VL-7B-Instruct","memory":41875931136,"time":"2025-08-14T13:58:09Z","message":"skipping warm slot, not running yet"}
{"level":"trace","runner_id":"real-prewarm-test-runner","slot_id":"7014b39d-c1c2-4ea7-8fbd-1f319cf1c79f","model_name":"Qwen/Qwen2.5-VL-7B-Instruct","memory":41875931136,"time":"2025-08-14T13:58:09Z","message":"skipping warm slot, model name mismatch"}
{"level":"trace","runner_id":"real-prewarm-test-runner","slot_id":"7014b39d-c1c2-4ea7-8fbd-1f319cf1c79f","model_name":"Qwen/Qwen2.5-VL-7B-Instruct","memory":41875931136,"time":"2025-08-14T13:58:09Z","message":"skipping warm slot, model name mismatch"}
{"level":"trace","model":"Qwen/Qwen2.5-VL-7B-Instruct","time":"2025-08-14T13:58:09Z","message":"using VLLM runtime for inference request"}
{"level":"trace","model":"Qwen/Qwen2.5-VL-7B-Instruct","time":"2025-08-14T13:58:09Z","message":"using VLLM runtime for inference request"}
{"level":"trace","runner_id":"real-prewarm-test-runner","slot_id":"7014b39d-c1c2-4ea7-8fbd-1f319cf1c79f","model_name":"Qwen/Qwen2.5-VL-7B-Instruct","memory":41875931136,"time":"2025-08-14T13:58:09Z","message":"skipping warm slot, not running yet"}
{"level":"trace","runner_id":"real-prewarm-test-runner","slot_id":"7014b39d-c1c2-4ea7-8fbd-1f319cf1c79f","model_name":"Qwen/Qwen2.5-VL-7B-Instruct","memory":41875931136,"time":"2025-08-14T13:58:09Z","message":"skipping warm slot, model name mismatch"}
{"level":"trace","runner_id":"real-prewarm-test-runner","slot_id":"7014b39d-c1c2-4ea7-8fbd-1f319cf1c79f","model_name":"Qwen/Qwen2.5-VL-7B-Instruct","memory":41875931136,"time":"2025-08-14T13:58:09Z","message":"skipping warm slot, model name mismatch"}
{"level":"trace","model":"Qwen/Qwen2.5-VL-7B-Instruct","time":"2025-08-14T13:58:09Z","message":"using VLLM runtime for inference request"}
{"level":"trace","model":"Qwen/Qwen2.5-VL-7B-Instruct","time":"2025-08-14T13:58:09Z","message":"using VLLM runtime for inference request"}
{"level":"trace","runner_id":"real-prewarm-test-runner","slot_id":"7014b39d-c1c2-4ea7-8fbd-1f319cf1c79f","model_name":"Qwen/Qwen2.5-VL-7B-Instruct","memory":41875931136,"time":"2025-08-14T13:58:09Z","message":"skipping warm slot, not running yet"}
{"level":"trace","runner_id":"real-prewarm-test-runner","slot_id":"7014b39d-c1c2-4ea7-8fbd-1f319cf1c79f","model_name":"Qwen/Qwen2.5-VL-7B-Instruct","memory":41875931136,"time":"2025-08-14T13:58:09Z","message":"skipping warm slot, model name mismatch"}
{"level":"trace","runner_id":"real-prewarm-test-runner","slot_id":"7014b39d-c1c2-4ea7-8fbd-1f319cf1c79f","model_name":"Qwen/Qwen2.5-VL-7B-Instruct","memory":41875931136,"time":"2025-08-14T13:58:09Z","message":"skipping warm slot, model name mismatch"}
{"level":"trace","model":"Qwen/Qwen2.5-VL-7B-Instruct","time":"2025-08-14T13:58:09Z","message":"using VLLM runtime for inference request"}
{"level":"trace","model":"Qwen/Qwen2.5-VL-7B-Instruct","time":"2025-08-14T13:58:09Z","message":"using VLLM runtime for inference request"}
{"level":"trace","runner_id":"real-prewarm-test-runner","slot_id":"7014b39d-c1c2-4ea7-8fbd-1f319cf1c79f","model_name":"Qwen/Qwen2.5-VL-7B-Instruct","memory":41875931136,"time":"2025-08-14T13:58:09Z","message":"skipping warm slot, not running yet"}
{"level":"trace","runner_id":"real-prewarm-test-runner","slot_id":"7014b39d-c1c2-4ea7-8fbd-1f319cf1c79f","model_name":"Qwen/Qwen2.5-VL-7B-Instruct","memory":41875931136,"time":"2025-08-14T13:58:09Z","message":"skipping warm slot, model name mismatch"}
{"level":"trace","runner_id":"real-prewarm-test-runner","slot_id":"7014b39d-c1c2-4ea7-8fbd-1f319cf1c79f","model_name":"Qwen/Qwen2.5-VL-7B-Instruct","memory":41875931136,"time":"2025-08-14T13:58:09Z","message":"skipping warm slot, model name mismatch"}
{"level":"trace","model":"Qwen/Qwen2.5-VL-7B-Instruct","time":"2025-08-14T13:58:09Z","message":"using VLLM runtime for inference request"}
{"level":"trace","model":"Qwen/Qwen2.5-VL-7B-Instruct","time":"2025-08-14T13:58:09Z","message":"using VLLM runtime for inference request"}
{"level":"trace","runner_id":"real-prewarm-test-runner","slot_id":"7014b39d-c1c2-4ea7-8fbd-1f319cf1c79f","model_name":"Qwen/Qwen2.5-VL-7B-Instruct","memory":41875931136,"time":"2025-08-14T13:58:09Z","message":"skipping warm slot, not running yet"}
{"level":"trace","runner_id":"real-prewarm-test-runner","slot_id":"7014b39d-c1c2-4ea7-8fbd-1f319cf1c79f","model_name":"Qwen/Qwen2.5-VL-7B-Instruct","memory":41875931136,"time":"2025-08-14T13:58:09Z","message":"skipping warm slot, model name mismatch"}
{"level":"trace","runner_id":"real-prewarm-test-runner","slot_id":"7014b39d-c1c2-4ea7-8fbd-1f319cf1c79f","model_name":"Qwen/Qwen2.5-VL-7B-Instruct","memory":41875931136,"time":"2025-08-14T13:58:09Z","message":"skipping warm slot, model name mismatch"}
{"level":"trace","model":"Qwen/Qwen2.5-VL-7B-Instruct","time":"2025-08-14T13:58:09Z","message":"using VLLM runtime for inference request"}
{"level":"trace","model":"Qwen/Qwen2.5-VL-7B-Instruct","time":"2025-08-14T13:58:09Z","message":"using VLLM runtime for inference request"}
{"level":"trace","runner_id":"real-prewarm-test-runner","slot_id":"7014b39d-c1c2-4ea7-8fbd-1f319cf1c79f","model_name":"Qwen/Qwen2.5-VL-7B-Instruct","memory":41875931136,"time":"2025-08-14T13:58:09Z","message":"skipping warm slot, not running yet"}
{"level":"trace","runner_id":"real-prewarm-test-runner","slot_id":"7014b39d-c1c2-4ea7-8fbd-1f319cf1c79f","model_name":"Qwen/Qwen2.5-VL-7B-Instruct","memory":41875931136,"time":"2025-08-14T13:58:09Z","message":"skipping warm slot, model name mismatch"}
{"level":"trace","runner_id":"real-prewarm-test-runner","slot_id":"7014b39d-c1c2-4ea7-8fbd-1f319cf1c79f","model_name":"Qwen/Qwen2.5-VL-7B-Instruct","memory":41875931136,"time":"2025-08-14T13:58:09Z","message":"skipping warm slot, model name mismatch"}
{"level":"trace","model":"Qwen/Qwen2.5-VL-7B-Instruct","time":"2025-08-14T13:58:09Z","message":"using VLLM runtime for inference request"}
{"level":"trace","model":"Qwen/Qwen2.5-VL-7B-Instruct","time":"2025-08-14T13:58:09Z","message":"using VLLM runtime for inference request"}
{"level":"trace","runner_id":"real-prewarm-test-runner","slot_id":"7014b39d-c1c2-4ea7-8fbd-1f319cf1c79f","model_name":"Qwen/Qwen2.5-VL-7B-Instruct","memory":41875931136,"time":"2025-08-14T13:58:09Z","message":"skipping warm slot, not running yet"}
{"level":"trace","runner_id":"real-prewarm-test-runner","slot_id":"7014b39d-c1c2-4ea7-8fbd-1f319cf1c79f","model_name":"Qwen/Qwen2.5-VL-7B-Instruct","memory":41875931136,"time":"2025-08-14T13:58:10Z","message":"skipping warm slot, model name mismatch"}
{"level":"trace","runner_id":"real-prewarm-test-runner","slot_id":"7014b39d-c1c2-4ea7-8fbd-1f319cf1c79f","model_name":"Qwen/Qwen2.5-VL-7B-Instruct","memory":41875931136,"time":"2025-08-14T13:58:10Z","message":"skipping warm slot, model name mismatch"}
{"level":"trace","model":"Qwen/Qwen2.5-VL-7B-Instruct","time":"2025-08-14T13:58:10Z","message":"using VLLM runtime for inference request"}
{"level":"trace","model":"Qwen/Qwen2.5-VL-7B-Instruct","time":"2025-08-14T13:58:10Z","message":"using VLLM runtime for inference request"}
{"level":"trace","runner_id":"real-prewarm-test-runner","slot_id":"7014b39d-c1c2-4ea7-8fbd-1f319cf1c79f","model_name":"Qwen/Qwen2.5-VL-7B-Instruct","memory":41875931136,"time":"2025-08-14T13:58:10Z","message":"skipping warm slot, not running yet"}
{"level":"trace","runner_id":"real-prewarm-test-runner","slot_id":"7014b39d-c1c2-4ea7-8fbd-1f319cf1c79f","model_name":"Qwen/Qwen2.5-VL-7B-Instruct","memory":41875931136,"time":"2025-08-14T13:58:10Z","message":"skipping warm slot, model name mismatch"}
{"level":"trace","runner_id":"real-prewarm-test-runner","slot_id":"7014b39d-c1c2-4ea7-8fbd-1f319cf1c79f","model_name":"Qwen/Qwen2.5-VL-7B-Instruct","memory":41875931136,"time":"2025-08-14T13:58:10Z","message":"skipping warm slot, model name mismatch"}
{"level":"trace","model":"Qwen/Qwen2.5-VL-7B-Instruct","time":"2025-08-14T13:58:10Z","message":"using VLLM runtime for inference request"}
{"level":"trace","model":"Qwen/Qwen2.5-VL-7B-Instruct","time":"2025-08-14T13:58:10Z","message":"using VLLM runtime for inference request"}
{"level":"trace","runner_id":"real-prewarm-test-runner","slot_id":"7014b39d-c1c2-4ea7-8fbd-1f319cf1c79f","model_name":"Qwen/Qwen2.5-VL-7B-Instruct","memory":41875931136,"time":"2025-08-14T13:58:10Z","message":"skipping warm slot, not running yet"}
{"level":"trace","runner_id":"real-prewarm-test-runner","slot_id":"7014b39d-c1c2-4ea7-8fbd-1f319cf1c79f","model_name":"Qwen/Qwen2.5-VL-7B-Instruct","memory":41875931136,"time":"2025-08-14T13:58:10Z","message":"skipping warm slot, model name mismatch"}
{"level":"trace","runner_id":"real-prewarm-test-runner","slot_id":"7014b39d-c1c2-4ea7-8fbd-1f319cf1c79f","model_name":"Qwen/Qwen2.5-VL-7B-Instruct","memory":41875931136,"time":"2025-08-14T13:58:10Z","message":"skipping warm slot, model name mismatch"}
{"level":"trace","model":"Qwen/Qwen2.5-VL-7B-Instruct","time":"2025-08-14T13:58:10Z","message":"using VLLM runtime for inference request"}
{"level":"trace","model":"Qwen/Qwen2.5-VL-7B-Instruct","time":"2025-08-14T13:58:10Z","message":"using VLLM runtime for inference request"}
{"level":"trace","runner_id":"real-prewarm-test-runner","slot_id":"7014b39d-c1c2-4ea7-8fbd-1f319cf1c79f","model_name":"Qwen/Qwen2.5-VL-7B-Instruct","memory":41875931136,"time":"2025-08-14T13:58:10Z","message":"skipping warm slot, not running yet"}
{"level":"trace","runner_id":"real-prewarm-test-runner","slot_id":"7014b39d-c1c2-4ea7-8fbd-1f319cf1c79f","model_name":"Qwen/Qwen2.5-VL-7B-Instruct","memory":41875931136,"time":"2025-08-14T13:58:10Z","message":"skipping warm slot, model name mismatch"}
{"level":"trace","runner_id":"real-prewarm-test-runner","slot_id":"7014b39d-c1c2-4ea7-8fbd-1f319cf1c79f","model_name":"Qwen/Qwen2.5-VL-7B-Instruct","memory":41875931136,"time":"2025-08-14T13:58:10Z","message":"skipping warm slot, model name mismatch"}
{"level":"trace","model":"Qwen/Qwen2.5-VL-7B-Instruct","time":"2025-08-14T13:58:10Z","message":"using VLLM runtime for inference request"}
{"level":"trace","model":"Qwen/Qwen2.5-VL-7B-Instruct","time":"2025-08-14T13:58:10Z","message":"using VLLM runtime for inference request"}
{"level":"trace","runner_id":"real-prewarm-test-runner","slot_id":"7014b39d-c1c2-4ea7-8fbd-1f319cf1c79f","model_name":"Qwen/Qwen2.5-VL-7B-Instruct","memory":41875931136,"time":"2025-08-14T13:58:10Z","message":"skipping warm slot, not running yet"}
{"level":"trace","runner_id":"real-prewarm-test-runner","slot_id":"7014b39d-c1c2-4ea7-8fbd-1f319cf1c79f","model_name":"Qwen/Qwen2.5-VL-7B-Instruct","memory":41875931136,"time":"2025-08-14T13:58:10Z","message":"skipping warm slot, model name mismatch"}
{"level":"trace","runner_id":"real-prewarm-test-runner","slot_id":"7014b39d-c1c2-4ea7-8fbd-1f319cf1c79f","model_name":"Qwen/Qwen2.5-VL-7B-Instruct","memory":41875931136,"time":"2025-08-14T13:58:10Z","message":"skipping warm slot, model name mismatch"}
{"level":"trace","model":"Qwen/Qwen2.5-VL-7B-Instruct","time":"2025-08-14T13:58:10Z","message":"using VLLM runtime for inference request"}
{"level":"trace","model":"Qwen/Qwen2.5-VL-7B-Instruct","time":"2025-08-14T13:58:10Z","message":"using VLLM runtime for inference request"}
{"level":"trace","runner_id":"real-prewarm-test-runner","slot_id":"7014b39d-c1c2-4ea7-8fbd-1f319cf1c79f","model_name":"Qwen/Qwen2.5-VL-7B-Instruct","memory":41875931136,"time":"2025-08-14T13:58:10Z","message":"skipping warm slot, not running yet"}
{"level":"trace","runner_id":"real-prewarm-test-runner","slot_id":"7014b39d-c1c2-4ea7-8fbd-1f319cf1c79f","model_name":"Qwen/Qwen2.5-VL-7B-Instruct","memory":41875931136,"time":"2025-08-14T13:58:10Z","message":"skipping warm slot, model name mismatch"}
{"level":"trace","runner_id":"real-prewarm-test-runner","slot_id":"7014b39d-c1c2-4ea7-8fbd-1f319cf1c79f","model_name":"Qwen/Qwen2.5-VL-7B-Instruct","memory":41875931136,"time":"2025-08-14T13:58:10Z","message":"skipping warm slot, model name mismatch"}
{"level":"trace","model":"Qwen/Qwen2.5-VL-7B-Instruct","time":"2025-08-14T13:58:10Z","message":"using VLLM runtime for inference request"}
{"level":"trace","model":"Qwen/Qwen2.5-VL-7B-Instruct","time":"2025-08-14T13:58:10Z","message":"using VLLM runtime for inference request"}
{"level":"trace","runner_id":"real-prewarm-test-runner","slot_id":"7014b39d-c1c2-4ea7-8fbd-1f319cf1c79f","model_name":"Qwen/Qwen2.5-VL-7B-Instruct","memory":41875931136,"time":"2025-08-14T13:58:10Z","message":"skipping warm slot, not running yet"}
{"level":"trace","runner_id":"real-prewarm-test-runner","slot_id":"7014b39d-c1c2-4ea7-8fbd-1f319cf1c79f","model_name":"Qwen/Qwen2.5-VL-7B-Instruct","memory":41875931136,"time":"2025-08-14T13:58:10Z","message":"skipping warm slot, model name mismatch"}
{"level":"trace","runner_id":"real-prewarm-test-runner","slot_id":"7014b39d-c1c2-4ea7-8fbd-1f319cf1c79f","model_name":"Qwen/Qwen2.5-VL-7B-Instruct","memory":41875931136,"time":"2025-08-14T13:58:10Z","message":"skipping warm slot, model name mismatch"}
{"level":"trace","model":"Qwen/Qwen2.5-VL-7B-Instruct","time":"2025-08-14T13:58:10Z","message":"using VLLM runtime for inference request"}
{"level":"trace","model":"Qwen/Qwen2.5-VL-7B-Instruct","time":"2025-08-14T13:58:10Z","message":"using VLLM runtime for inference request"}
{"level":"trace","runner_id":"real-prewarm-test-runner","slot_id":"7014b39d-c1c2-4ea7-8fbd-1f319cf1c79f","model_name":"Qwen/Qwen2.5-VL-7B-Instruct","memory":41875931136,"time":"2025-08-14T13:58:10Z","message":"skipping warm slot, not running yet"}
{"level":"trace","runner_id":"real-prewarm-test-runner","slot_id":"7014b39d-c1c2-4ea7-8fbd-1f319cf1c79f","model_name":"Qwen/Qwen2.5-VL-7B-Instruct","memory":41875931136,"time":"2025-08-14T13:58:10Z","message":"skipping warm slot, model name mismatch"}
{"level":"trace","runner_id":"real-prewarm-test-runner","slot_id":"7014b39d-c1c2-4ea7-8fbd-1f319cf1c79f","model_name":"Qwen/Qwen2.5-VL-7B-Instruct","memory":41875931136,"time":"2025-08-14T13:58:10Z","message":"skipping warm slot, model name mismatch"}
{"level":"trace","model":"Qwen/Qwen2.5-VL-7B-Instruct","time":"2025-08-14T13:58:10Z","message":"using VLLM runtime for inference request"}
{"level":"trace","model":"Qwen/Qwen2.5-VL-7B-Instruct","time":"2025-08-14T13:58:10Z","message":"using VLLM runtime for inference request"}
{"level":"trace","runner_id":"real-prewarm-test-runner","slot_id":"7014b39d-c1c2-4ea7-8fbd-1f319cf1c79f","model_name":"Qwen/Qwen2.5-VL-7B-Instruct","memory":41875931136,"time":"2025-08-14T13:58:10Z","message":"skipping warm slot, not running yet"}
{"level":"trace","runner_id":"real-prewarm-test-runner","slot_id":"7014b39d-c1c2-4ea7-8fbd-1f319cf1c79f","model_name":"Qwen/Qwen2.5-VL-7B-Instruct","memory":41875931136,"time":"2025-08-14T13:58:10Z","message":"skipping warm slot, model name mismatch"}
{"level":"trace","runner_id":"real-prewarm-test-runner","slot_id":"7014b39d-c1c2-4ea7-8fbd-1f319cf1c79f","model_name":"Qwen/Qwen2.5-VL-7B-Instruct","memory":41875931136,"time":"2025-08-14T13:58:10Z","message":"skipping warm slot, model name mismatch"}
{"level":"trace","model":"Qwen/Qwen2.5-VL-7B-Instruct","time":"2025-08-14T13:58:10Z","message":"using VLLM runtime for inference request"}
{"level":"trace","model":"Qwen/Qwen2.5-VL-7B-Instruct","time":"2025-08-14T13:58:10Z","message":"using VLLM runtime for inference request"}
{"level":"trace","runner_id":"real-prewarm-test-runner","slot_id":"7014b39d-c1c2-4ea7-8fbd-1f319cf1c79f","model_name":"Qwen/Qwen2.5-VL-7B-Instruct","memory":41875931136,"time":"2025-08-14T13:58:10Z","message":"skipping warm slot, not running yet"}
{"level":"trace","runner_id":"real-prewarm-test-runner","slot_id":"7014b39d-c1c2-4ea7-8fbd-1f319cf1c79f","model_name":"Qwen/Qwen2.5-VL-7B-Instruct","memory":41875931136,"time":"2025-08-14T13:58:10Z","message":"skipping warm slot, model name mismatch"}
{"level":"trace","runner_id":"real-prewarm-test-runner","slot_id":"7014b39d-c1c2-4ea7-8fbd-1f319cf1c79f","model_name":"Qwen/Qwen2.5-VL-7B-Instruct","memory":41875931136,"time":"2025-08-14T13:58:10Z","message":"skipping warm slot, model name mismatch"}
{"level":"trace","model":"Qwen/Qwen2.5-VL-7B-Instruct","time":"2025-08-14T13:58:10Z","message":"using VLLM runtime for inference request"}
{"level":"trace","model":"Qwen/Qwen2.5-VL-7B-Instruct","time":"2025-08-14T13:58:10Z","message":"using VLLM runtime for inference request"}
{"level":"trace","runner_id":"real-prewarm-test-runner","slot_id":"7014b39d-c1c2-4ea7-8fbd-1f319cf1c79f","model_name":"Qwen/Qwen2.5-VL-7B-Instruct","memory":41875931136,"time":"2025-08-14T13:58:10Z","message":"skipping warm slot, not running yet"}
{"level":"trace","runner_id":"real-prewarm-test-runner","slot_id":"7014b39d-c1c2-4ea7-8fbd-1f319cf1c79f","model_name":"Qwen/Qwen2.5-VL-7B-Instruct","memory":41875931136,"time":"2025-08-14T13:58:11Z","message":"skipping warm slot, model name mismatch"}
{"level":"trace","runner_id":"real-prewarm-test-runner","slot_id":"7014b39d-c1c2-4ea7-8fbd-1f319cf1c79f","model_name":"Qwen/Qwen2.5-VL-7B-Instruct","memory":41875931136,"time":"2025-08-14T13:58:11Z","message":"skipping warm slot, model name mismatch"}
{"level":"trace","model":"Qwen/Qwen2.5-VL-7B-Instruct","time":"2025-08-14T13:58:11Z","message":"using VLLM runtime for inference request"}
{"level":"trace","model":"Qwen/Qwen2.5-VL-7B-Instruct","time":"2025-08-14T13:58:11Z","message":"using VLLM runtime for inference request"}
{"level":"trace","runner_id":"real-prewarm-test-runner","slot_id":"7014b39d-c1c2-4ea7-8fbd-1f319cf1c79f","model_name":"Qwen/Qwen2.5-VL-7B-Instruct","memory":41875931136,"time":"2025-08-14T13:58:11Z","message":"skipping warm slot, not running yet"}
--- FAIL: TestRealPrewarmGPUDistribution (18.04s)
    prewarm_gpu_distribution_real_test.go:111: Testing real pre-warm GPU distribution
    prewarm_gpu_distribution_real_test.go:112: Runner has 2 GPUs with 40 GB each (80 GB total)
    prewarm_gpu_distribution_real_test.go:116: Pre-warm model 1: qwen3:8b (10 GB)
    prewarm_gpu_distribution_real_test.go:116: Pre-warm model 2: gpt-oss:20b (48 GB)
    prewarm_gpu_distribution_real_test.go:116: Pre-warm model 3: MrLight/dse-qwen2-2b-mrl-v1 (8 GB)
    prewarm_gpu_distribution_real_test.go:120: 
        === Triggering Real Pre-warm Process ===
    prewarm_gpu_distribution_real_test.go:128: Waiting for multiple slot reconciliation cycles (5 seconds each, 3 models = ~15 seconds)...
    runner.go:1280: Unexpected call to *store.MockStore.GetModel([context.Background Qwen/Qwen2.5-VL-7B-Instruct]) at /home/civo/pm/helix/api/pkg/scheduler/runner.go:1280 because: 
        expected call at /home/civo/pm/helix/api/pkg/scheduler/prewarm_gpu_distribution_real_test.go:46 doesn't match the argument at index 1.
        Got: Qwen/Qwen2.5-VL-7B-Instruct (string)
        Want: is equal to qwen3:8b (string)
        expected call at /home/civo/pm/helix/api/pkg/scheduler/prewarm_gpu_distribution_real_test.go:46 doesn't match the argument at index 1.
        Got: Qwen/Qwen2.5-VL-7B-Instruct (string)
        Want: is equal to gpt-oss:20b (string)
        expected call at /home/civo/pm/helix/api/pkg/scheduler/prewarm_gpu_distribution_real_test.go:46 doesn't match the argument at index 1.
        Got: Qwen/Qwen2.5-VL-7B-Instruct (string)
        Want: is equal to MrLight/dse-qwen2-2b-mrl-v1 (string)
    prewarm_gpu_distribution_real_test.go:132: 
        === Analyzing Real Slot Creation ===
    prewarm_gpu_distribution_real_test.go:167: Real scheduler created 1 slots for models: [Qwen/Qwen2.5-VL-7B-Instruct]
    prewarm_gpu_distribution_real_test.go:172: Slot 0: Model=Qwen/Qwen2.5-VL-7B-Instruct, SingleGPU=0xc0006ce138, MultiGPUs=[]
    prewarm_gpu_distribution_real_test.go:183: 
        GPU usage distribution:
    prewarm_gpu_distribution_real_test.go:186:   GPU 0: 1 models allocated
    prewarm_gpu_distribution_real_test.go:186:   GPU 1: 0 models allocated
    prewarm_gpu_distribution_real_test.go:200: ⚠️  Models allocated to only one GPU (GPU0: 1, GPU1: 0)
    prewarm_gpu_distribution_real_test.go:201: This could be due to memory constraints or the specific models selected
    prewarm_gpu_distribution_real_test.go:215: Total memory used by pre-warm models: 0 GB out of 80 GB available
    prewarm_gpu_distribution_real_test.go:248: GPU 0 memory usage: 0 GB out of 40 GB capacity
    prewarm_gpu_distribution_real_test.go:248: GPU 1 memory usage: 0 GB out of 40 GB capacity
FAIL
FAIL	github.com/helixml/helix/api/pkg/scheduler	18.074s
FAIL
